Component: ARM Compiler 5.06 update 5 (build 528) Tool: armlink [4d35e2]

==============================================================================

Section Cross References

    startup_stm32l4r5xx.o(RESET) refers to startup_stm32l4r5xx.o(STACK) for __initial_sp
    startup_stm32l4r5xx.o(RESET) refers to startup_stm32l4r5xx.o(.text) for Reset_Handler
    startup_stm32l4r5xx.o(RESET) refers to stm32l4xx_it.o(i.NMI_Handler) for NMI_Handler
    startup_stm32l4r5xx.o(RESET) refers to stm32l4xx_it.o(i.HardFault_Handler) for HardFault_Handler
    startup_stm32l4r5xx.o(RESET) refers to stm32l4xx_it.o(i.MemManage_Handler) for MemManage_Handler
    startup_stm32l4r5xx.o(RESET) refers to stm32l4xx_it.o(i.BusFault_Handler) for BusFault_Handler
    startup_stm32l4r5xx.o(RESET) refers to stm32l4xx_it.o(i.UsageFault_Handler) for UsageFault_Handler
    startup_stm32l4r5xx.o(RESET) refers to port.o(.emb_text) for SVC_Handler
    startup_stm32l4r5xx.o(RESET) refers to stm32l4xx_it.o(i.DebugMon_Handler) for DebugMon_Handler
    startup_stm32l4r5xx.o(RESET) refers to stm32l4xx_it.o(i.SysTick_Handler) for SysTick_Handler
    startup_stm32l4r5xx.o(RESET) refers to stm32l4xx_it.o(i.I2C1_EV_IRQHandler) for I2C1_EV_IRQHandler
    startup_stm32l4r5xx.o(RESET) refers to stm32l4xx_it.o(i.LPUART1_IRQHandler) for LPUART1_IRQHandler
    startup_stm32l4r5xx.o(.text) refers to system_stm32l4xx.o(i.SystemInit) for SystemInit
    startup_stm32l4r5xx.o(.text) refers to entry.o(.ARM.Collect$$$$00000000) for __main
    ssd1306.o(i.clear_8bit_pixel) refers to ssd1306.o(i.write_command) for write_command
    ssd1306.o(i.create_scroll_array) refers to calloc.o(.text) for calloc
    ssd1306.o(i.create_scroll_array) refers to main.o(i._Error_Handler) for _Error_Handler
    ssd1306.o(i.display_number) refers to printf8.o(i.__0printf$8) for __2printf
    ssd1306.o(i.display_number) refers to font.o(.data) for m_font
    ssd1306.o(i.scroll_number_all) refers to cmsis_os.o(i.osDelay) for osDelay
    ssd1306.o(i.scroll_number_all) refers to ssd1306.o(.bss) for .bss
    ssd1306.o(i.scroll_number_all) refers to font.o(.data) for m_font
    ssd1306.o(i.scroll_number_only) refers to shift_multi_bits.o(i.shift_left_arround_2d_arr) for shift_left_arround_2d_arr
    ssd1306.o(i.scroll_number_only) refers to shift_multi_bits.o(i.reverse_bits_recursive) for reverse_bits_recursive
    ssd1306.o(i.scroll_number_only) refers to font.o(.data) for m_font
    ssd1306.o(i.scroll_number_repare) refers to memcpya.o(.text) for __aeabi_memcpy
    ssd1306.o(i.scroll_number_repare) refers to shift_multi_bits.o(i.reverse_bits_recursive) for reverse_bits_recursive
    ssd1306.o(i.scroll_number_repare) refers to font.o(.data) for m_font
    ssd1306.o(i.set_pixel) refers to dfltui.o(.text) for __aeabi_ui2d
    ssd1306.o(i.set_pixel) refers to pow.o(i.__hardfp_pow) for __hardfp_pow
    ssd1306.o(i.set_pixel) refers to dfixui.o(.text) for __aeabi_d2uiz
    ssd1306.o(i.ssd1306_init) refers to calloc.o(.text) for calloc
    ssd1306.o(i.ssd1306_init) refers to memcpya.o(.text) for __aeabi_memcpy4
    ssd1306.o(i.ssd1306_init) refers to ssd1306.o(i.write_command) for write_command
    ssd1306.o(i.ssd1306_init) refers to ssd1306.o(i.write_data) for write_data
    ssd1306.o(i.ssd1306_init) refers to ssd1306.o(i.set_pixel) for set_pixel
    ssd1306.o(i.ssd1306_init) refers to ssd1306.o(i.clear_8bit_pixel) for clear_8bit_pixel
    ssd1306.o(i.ssd1306_init) refers to ssd1306.o(i.select_constract) for select_constract
    ssd1306.o(i.ssd1306_init) refers to ssd1306.o(i.over_pixel) for over_pixel
    ssd1306.o(i.ssd1306_init) refers to ssd1306.o(i.set_position) for set_position
    ssd1306.o(i.ssd1306_init) refers to ssd1306.o(i.display_on) for display_on
    ssd1306.o(i.ssd1306_init) refers to ssd1306.o(i.display_off) for display_off
    ssd1306.o(i.ssd1306_init) refers to ssd1306.o(i.display_number) for display_number
    ssd1306.o(i.ssd1306_init) refers to ssd1306.o(i.scroll_number_repare) for scroll_number_repare
    ssd1306.o(i.ssd1306_init) refers to ssd1306.o(i.create_scroll_array) for create_scroll_array
    ssd1306.o(i.ssd1306_init) refers to ssd1306.o(i.scroll_number_only) for scroll_number_only
    ssd1306.o(i.ssd1306_init) refers to ssd1306.o(i.scroll_number_all) for scroll_number_all
    ssd1306.o(i.ssd1306_init) refers to ssd1306.o(.constdata) for .constdata
    ssd1306.o(i.write_command) refers to stm32l4xx_hal_i2c.o(i.HAL_I2C_Mem_Write) for HAL_I2C_Mem_Write
    ssd1306.o(i.write_command) refers to main.o(.bss) for hi2c1
    ssd1306.o(i.write_data) refers to stm32l4xx_hal_i2c.o(i.HAL_I2C_Mem_Write) for HAL_I2C_Mem_Write
    ssd1306.o(i.write_data) refers to main.o(.bss) for hi2c1
    font.o(i.font_init) refers to calloc.o(.text) for calloc
    font.o(i.font_init) refers to main.o(i._Error_Handler) for _Error_Handler
    font.o(i.font_init) refers to printf8.o(i.__0printf$8) for __2printf
    font.o(i.font_init) refers to font.o(.constdata) for .constdata
[...]
    i.HAL_NVIC_SetPriority                   0x08000fd4   Section        0  stm32l4xx_hal_cortex.o(i.HAL_NVIC_SetPriority)
    i.HAL_NVIC_SetPriorityGrouping           0x08001014   Section        0  stm32l4xx_hal_cortex.o(i.HAL_NVIC_SetPriorityGrouping)
    i.HAL_PWREx_ControlVoltageScaling        0x08001038   Section        0  stm32l4xx_hal_pwr_ex.o(i.HAL_PWREx_ControlVoltageScaling)
    i.HAL_PWREx_EnableVddIO2                 0x080010f0   Section        0  stm32l4xx_hal_pwr_ex.o(i.HAL_PWREx_EnableVddIO2)
    i.HAL_PWREx_GetVoltageRange              0x08001100   Section        0  stm32l4xx_hal_pwr_ex.o(i.HAL_PWREx_GetVoltageRange)
    i.HAL_RCCEx_PeriphCLKConfig              0x08001128   Section        0  stm32l4xx_hal_rcc_ex.o(i.HAL_RCCEx_PeriphCLKConfig)
    i.HAL_RCC_ClockConfig                    0x08001548   Section        0  stm32l4xx_hal_rcc.o(i.HAL_RCC_ClockConfig)
    i.HAL_RCC_GetHCLKFreq                    0x080016c0   Section        0  stm32l4xx_hal_rcc.o(i.HAL_RCC_GetHCLKFreq)
    i.HAL_RCC_GetPCLK1Freq                   0x080016cc   Section        0  stm32l4xx_hal_rcc.o(i.HAL_RCC_GetPCLK1Freq)
    i.HAL_RCC_GetPCLK2Freq                   0x080016ec   Section        0  stm32l4xx_hal_rcc.o(i.HAL_RCC_GetPCLK2Freq)
    i.HAL_RCC_GetSysClockFreq                0x0800170c   Section        0  stm32l4xx_hal_rcc.o(i.HAL_RCC_GetSysClockFreq)
    i.HAL_RCC_OscConfig                      0x080017d0   Section        0  stm32l4xx_hal_rcc.o(i.HAL_RCC_OscConfig)
    i.HAL_SYSTICK_CLKSourceConfig            0x08001c90   Section        0  stm32l4xx_hal_cortex.o(i.HAL_SYSTICK_CLKSourceConfig)
    i.HAL_SYSTICK_Config                     0x08001ca8   Section        0  stm32l4xx_hal_cortex.o(i.HAL_SYSTICK_Config)
    i.HAL_UARTEx_RxFifoFullCallback          0x08001cd0   Section        0  stm32l4xx_hal_uart_ex.o(i.HAL_UARTEx_RxFifoFullCallback)
    i.HAL_UARTEx_SetRxFifoThreshold          0x08001cd2   Section        0  stm32l4xx_hal_uart_ex.o(i.HAL_UARTEx_SetRxFifoThreshold)
    i.HAL_UARTEx_SetTxFifoThreshold          0x08001d1e   Section        0  stm32l4xx_hal_uart_ex.o(i.HAL_UARTEx_SetTxFifoThreshold)
    i.HAL_UARTEx_TxFifoEmptyCallback         0x08001d6a   Section        0  stm32l4xx_hal_uart_ex.o(i.HAL_UARTEx_TxFifoEmptyCallback)
    i.HAL_UARTEx_WakeupCallback              0x08001d6c   Section        0  stm32l4xx_hal_uart_ex.o(i.HAL_UARTEx_WakeupCallback)
    i.HAL_UART_ErrorCallback                 0x08001d6e   Section        0  stm32l4xx_hal_uart.o(i.HAL_UART_ErrorCallback)
    i.HAL_UART_IRQHandler                    0x08001d70   Section        0  stm32l4xx_hal_uart.o(i.HAL_UART_IRQHandler)
    i.HAL_UART_Init                          0x08001f0c   Section        0  stm32l4xx_hal_uart.o(i.HAL_UART_Init)
    i.HAL_UART_MspInit                       0x08001f78   Section        0  stm32l4xx_hal_msp.o(i.HAL_UART_MspInit)
    i.HAL_UART_Receive_IT                    0x08001fc4   Section        0  stm32l4xx_hal_uart.o(i.HAL_UART_Receive_IT)
    i.HAL_UART_RxCpltCallback                0x080020bc   Section        0  stm32l4xx_hal_uart.o(i.HAL_UART_RxCpltCallback)
    i.HAL_UART_Transmit                      0x080020be   Section        0  stm32l4xx_hal_uart.o(i.HAL_UART_Transmit)
    i.HAL_UART_TxCpltCallback                0x0800216e   Section        0  stm32l4xx_hal_uart.o(i.HAL_UART_TxCpltCallback)
    i.HardFault_Handler                      0x08002170   Section        0  stm32l4xx_it.o(i.HardFault_Handler)
    i.I2C1_EV_IRQHandler                     0x08002190   Section        0  stm32l4xx_it.o(i.I2C1_EV_IRQHandler)
    i.I2C_Flush_TXDR                         0x0800219c   Section        0  stm32l4xx_hal_i2c.o(i.I2C_Flush_TXDR)
    I2C_Flush_TXDR                           0x0800219d   Thumb Code    34  stm32l4xx_hal_i2c.o(i.I2C_Flush_TXDR)
    i.I2C_IsAcknowledgeFailed                0x080021c0   Section        0  stm32l4xx_hal_i2c.o(i.I2C_IsAcknowledgeFailed)
    I2C_IsAcknowledgeFailed                  0x080021c1   Thumb Code   128  stm32l4xx_hal_i2c.o(i.I2C_IsAcknowledgeFailed)
    i.I2C_RequestMemoryWrite                 0x08002244   Section        0  stm32l4xx_hal_i2c.o(i.I2C_RequestMemoryWrite)
    I2C_RequestMemoryWrite                   0x08002245   Thumb Code    94  stm32l4xx_hal_i2c.o(i.I2C_RequestMemoryWrite)
    i.I2C_TransferConfig                     0x080022a8   Section        0  stm32l4xx_hal_i2c.o(i.I2C_TransferConfig)
    I2C_TransferConfig                       0x080022a9   Thumb Code    40  stm32l4xx_hal_i2c.o(i.I2C_TransferConfig)
    i.I2C_WaitOnFlagUntilTimeout             0x080022d4   Section        0  stm32l4xx_hal_i2c.o(i.I2C_WaitOnFlagUntilTimeout)
    I2C_WaitOnFlagUntilTimeout               0x080022d5   Thumb Code    88  stm32l4xx_hal_i2c.o(i.I2C_WaitOnFlagUntilTimeout)
    i.I2C_WaitOnSTOPFlagUntilTimeout         0x0800232c   Section        0  stm32l4xx_hal_i2c.o(i.I2C_WaitOnSTOPFlagUntilTimeout)
    I2C_WaitOnSTOPFlagUntilTimeout           0x0800232d   Thumb Code    76  stm32l4xx_hal_i2c.o(i.I2C_WaitOnSTOPFlagUntilTimeout)
    i.I2C_WaitOnTXISFlagUntilTimeout         0x08002378   Section        0  stm32l4xx_hal_i2c.o(i.I2C_WaitOnTXISFlagUntilTimeout)
    I2C_WaitOnTXISFlagUntilTimeout           0x08002379   Thumb Code    80  stm32l4xx_hal_i2c.o(i.I2C_WaitOnTXISFlagUntilTimeout)
    i.LPUART1_IRQHandler                     0x080023c8   Section        0  stm32l4xx_it.o(i.LPUART1_IRQHandler)
    i.MX_I2C1_Init                           0x0800247c   Section        0  main.o(i.MX_I2C1_Init)
    MX_I2C1_Init                             0x0800247d   Thumb Code    94  main.o(i.MX_I2C1_Init)
    i.MX_LPUART1_UART_Init                   0x080024ec   Section        0  main.o(i.MX_LPUART1_UART_Init)
    MX_LPUART1_UART_Init                     0x080024ed   Thumb Code   100  main.o(i.MX_LPUART1_UART_Init)
    i.MemManage_Handler                      0x08002568   Section        0  stm32l4xx_it.o(i.MemManage_Handler)
    i.NMI_Handler                            0x0800256a   Section        0  stm32l4xx_it.o(i.NMI_Handler)
    i.NVIC_SetPriority                       0x0800256c   Section        0  stm32l4xx_hal_cortex.o(i.NVIC_SetPriority)
    NVIC_SetPriority                         0x0800256d   Thumb Code    32  stm32l4xx_hal_cortex.o(i.NVIC_SetPriority)
    i.RCCEx_PLLSAI1_Config                   0x0800258c   Section        0  stm32l4xx_hal_rcc_ex.o(i.RCCEx_PLLSAI1_Config)
    RCCEx_PLLSAI1_Config                     0x0800258d   Thumb Code   274  stm32l4xx_hal_rcc_ex.o(i.RCCEx_PLLSAI1_Config)
    i.RCCEx_PLLSAI2_Config                   0x080026b4   Section        0  stm32l4xx_hal_rcc_ex.o(i.RCCEx_PLLSAI2_Config)
    RCCEx_PLLSAI2_Config                     0x080026b5   Thumb Code   274  stm32l4xx_hal_rcc_ex.o(i.RCCEx_PLLSAI2_Config)
    i.RCC_GetSysClockFreqFromPLLSource       0x080027dc   Section        0  stm32l4xx_hal_rcc.o(i.RCC_GetSysClockFreqFromPLLSource)
    RCC_GetSysClockFreqFromPLLSource         0x080027dd   Thumb Code   100  stm32l4xx_hal_rcc.o(i.RCC_GetSysClockFreqFromPLLSource)
    i.RCC_SetFlashLatencyFromMSIRange        0x08002850   Section        0  stm32l4xx_hal_rcc.o(i.RCC_SetFlashLatencyFromMSIRange)
    RCC_SetFlashLatencyFromMSIRange          0x08002851   Thumb Code   108  stm32l4xx_hal_rcc.o(i.RCC_SetFlashLatencyFromMSIRange)
    i.SysTick_Handler                        0x080028c4   Section        0  stm32l4xx_it.o(i.SysTick_Handler)
    i.SystemClock_Config                     0x080028d4   Section        0  main.o(i.SystemClock_Config)
    i.SystemInit                             0x08002988   Section        0  system_stm32l4xx.o(i.SystemInit)
    i.UARTEx_SetNbDataToProcess              0x080029cc   Section        0  stm32l4xx_hal_uart_ex.o(i.UARTEx_SetNbDataToProcess)
    UARTEx_SetNbDataToProcess                0x080029cd   Thumb Code    86  stm32l4xx_hal_uart_ex.o(i.UARTEx_SetNbDataToProcess)
    i.UART_AdvFeatureConfig                  0x08002a34   Section        0  stm32l4xx_hal_uart.o(i.UART_AdvFeatureConfig)
    i.UART_CheckIdleState                    0x08002afc   Section        0  stm32l4xx_hal_uart.o(i.UART_CheckIdleState)
    i.UART_DMAAbortOnError                   0x08002b5a   Section        0  stm32l4xx_hal_uart.o(i.UART_DMAAbortOnError)
    UART_DMAAbortOnError                     0x08002b5b   Thumb Code    20  stm32l4xx_hal_uart.o(i.UART_DMAAbortOnError)
    i.UART_EndRxTransfer                     0x08002b70   Section        0  stm32l4xx_hal_uart.o(i.UART_EndRxTransfer)
    UART_EndRxTransfer                       0x08002b71   Thumb Code    32  stm32l4xx_hal_uart.o(i.UART_EndRxTransfer)
    i.UART_RxISR_16BIT                       0x08002b94   Section        0  stm32l4xx_hal_uart.o(i.UART_RxISR_16BIT)
    UART_RxISR_16BIT                         0x08002b95   Thumb Code    92  stm32l4xx_hal_uart.o(i.UART_RxISR_16BIT)
    i.UART_RxISR_16BIT_FIFOEN                0x08002bf0   Section        0  stm32l4xx_hal_uart.o(i.UART_RxISR_16BIT_FIFOEN)
    UART_RxISR_16BIT_FIFOEN                  0x08002bf1   Thumb Code   156  stm32l4xx_hal_uart.o(i.UART_RxISR_16BIT_FIFOEN)
    i.UART_RxISR_8BIT                        0x08002c94   Section        0  stm32l4xx_hal_uart.o(i.UART_RxISR_8BIT)
    UART_RxISR_8BIT                          0x08002c95   Thumb Code    90  stm32l4xx_hal_uart.o(i.UART_RxISR_8BIT)
    i.UART_RxISR_8BIT_FIFOEN                 0x08002cf0   Section        0  stm32l4xx_hal_uart.o(i.UART_RxISR_8BIT_FIFOEN)
    UART_RxISR_8BIT_FIFOEN                   0x08002cf1   Thumb Code   154  stm32l4xx_hal_uart.o(i.UART_RxISR_8BIT_FIFOEN)
    i.UART_SetConfig                         0x08002d94   Section        0  stm32l4xx_hal_uart.o(i.UART_SetConfig)
    i.UART_WaitOnFlagUntilTimeout            0x0800350e   Section        0  stm32l4xx_hal_uart.o(i.UART_WaitOnFlagUntilTimeout)
    i.UnitSecondScrollTask                   0x08003574   Section        0  main.o(i.UnitSecondScrollTask)
    i.UsageFault_Handler                     0x0800363c   Section        0  stm32l4xx_it.o(i.UsageFault_Handler)
    i._Error_Handler                         0x08003640   Section        0  main.o(i._Error_Handler)
    i.__0printf$8                            0x08003670   Section        0  printf8.o(i.__0printf$8)
    i.__ARM_fpclassify                       0x08003690   Section        0  fpclassify.o(i.__ARM_fpclassify)
    i.__hardfp_pow                           0x080036c0   Section        0  pow.o(i.__hardfp_pow)
    i.__kernel_poly                          0x08004340   Section        0  poly.o(i.__kernel_poly)
    i.__mathlib_dbl_divzero                  0x08004438   Section        0  dunder.o(i.__mathlib_dbl_divzero)
    i.__mathlib_dbl_infnan2                  0x08004468   Section        0  dunder.o(i.__mathlib_dbl_infnan2)
    i.__mathlib_dbl_invalid                  0x08004480   Section        0  dunder.o(i.__mathlib_dbl_invalid)
    i.__mathlib_dbl_overflow                 0x080044a0   Section        0  dunder.o(i.__mathlib_dbl_overflow)
    i.__mathlib_dbl_underflow                0x080044c0   Section        0  dunder.o(i.__mathlib_dbl_underflow)
    i.__scatterload_copy                     0x080044e0   Section       14  handlers.o(i.__scatterload_copy)
    i.__scatterload_null                     0x080044ee   Section        2  handlers.o(i.__scatterload_null)
    i.__scatterload_zeroinit                 0x080044f0   Section       14  handlers.o(i.__scatterload_zeroinit)
    i.__set_errno                            0x08004500   Section        0  errno.o(i.__set_errno)
    i._printf_core                           0x0800450c   Section        0  printf8.o(i._printf_core)
    _printf_core                             0x0800450d   Thumb Code   996  printf8.o(i._printf_core)
    i._printf_post_padding                   0x08004922   Section        0  printf8.o(i._printf_post_padding)
    _printf_post_padding                     0x08004923   Thumb Code    36  printf8.o(i._printf_post_padding)
    i._printf_pre_padding                    0x08004946   Section        0  printf8.o(i._printf_pre_padding)
    _printf_pre_padding                      0x08004947   Thumb Code    46  printf8.o(i._printf_pre_padding)
    i.clear_8bit_pixel                       0x08004974   Section        0  ssd1306.o(i.clear_8bit_pixel)
    i.create_scroll_array                    0x080049d4   Section        0  ssd1306.o(i.create_scroll_array)
    i.display_number                         0x08004a5c   Section        0  ssd1306.o(i.display_number)
    i.display_off                            0x08004b0a   Section        0  ssd1306.o(i.display_off)
    i.display_on                             0x08004b1c   Section        0  ssd1306.o(i.display_on)
    i.fabs                                   0x08004b2e   Section        0  fabs.o(i.fabs)
    i.font_init                              0x08004b48   Section        0  font.o(i.font_init)
    i.fputc                                  0x08004c50   Section        0  main.o(i.fputc)
    i.free                                   0x08004c68   Section        0  malloc.o(i.free)
    i.main                                   0x08004cb8   Section        0  main.o(i.main)
    i.makeFreeRtosPriority                   0x08004e0c   Section        0  cmsis_os.o(i.makeFreeRtosPriority)
    makeFreeRtosPriority                     0x08004e0d   Thumb Code    12  cmsis_os.o(i.makeFreeRtosPriority)
    i.malloc                                 0x08004e18   Section        0  malloc.o(i.malloc)
    i.osDelay                                0x08004e84   Section        0  cmsis_os.o(i.osDelay)
    i.osKernelStart                          0x08004e92   Section        0  cmsis_os.o(i.osKernelStart)
    i.osSystickHandler                       0x08004e9c   Section        0  cmsis_os.o(i.osSystickHandler)
    i.osThreadCreate                         0x08004eb0   Section        0  cmsis_os.o(i.osThreadCreate)
    i.over_pixel                             0x08004ee0   Section        0  ssd1306.o(i.over_pixel)
    i.prvAddCurrentTaskToDelayedList         0x08004f28   Section        0  tasks.o(i.prvAddCurrentTaskToDelayedList)
    prvAddCurrentTaskToDelayedList           0x08004f29   Thumb Code   102  tasks.o(i.prvAddCurrentTaskToDelayedList)
    i.prvAddNewTaskToReadyList               0x08004f98   Section        0  tasks.o(i.prvAddNewTaskToReadyList)
    prvAddNewTaskToReadyList                 0x08004f99   Thumb Code   192  tasks.o(i.prvAddNewTaskToReadyList)
    i.prvCheckTasksWaitingTermination        0x08005068   Section        0  tasks.o(i.prvCheckTasksWaitingTermination)
    prvCheckTasksWaitingTermination          0x08005069   Thumb Code    70  tasks.o(i.prvCheckTasksWaitingTermination)
    i.prvDeleteTCB                           0x080050b8   Section        0  tasks.o(i.prvDeleteTCB)
    prvDeleteTCB                             0x080050b9   Thumb Code    20  tasks.o(i.prvDeleteTCB)
    i.prvHeapInit                            0x080050cc   Section        0  heap_4.o(i.prvHeapInit)
    prvHeapInit                              0x080050cd   Thumb Code    64  heap_4.o(i.prvHeapInit)
    i.prvIdleTask                            0x08005114   Section        0  tasks.o(i.prvIdleTask)
    prvIdleTask                              0x08005115   Thumb Code    30  tasks.o(i.prvIdleTask)
    i.prvInitialiseNewTask                   0x0800513c   Section        0  tasks.o(i.prvInitialiseNewTask)
    prvInitialiseNewTask                     0x0800513d   Thumb Code   142  tasks.o(i.prvInitialiseNewTask)
    i.prvInsertBlockIntoFreeList             0x080051cc   Section        0  heap_4.o(i.prvInsertBlockIntoFreeList)
    prvInsertBlockIntoFreeList               0x080051cd   Thumb Code    72  heap_4.o(i.prvInsertBlockIntoFreeList)
    i.prvResetNextTaskUnblockTime            0x08005218   Section        0  tasks.o(i.prvResetNextTaskUnblockTime)
    prvResetNextTaskUnblockTime              0x08005219   Thumb Code    26  tasks.o(i.prvResetNextTaskUnblockTime)
    i.prvTaskExitError                       0x08005238   Section        0  port.o(i.prvTaskExitError)
    prvTaskExitError                         0x08005239   Thumb Code    36  port.o(i.prvTaskExitError)
    i.pvPortMalloc                           0x08005260   Section        0  heap_4.o(i.pvPortMalloc)
    i.pxPortInitialiseStack                  0x08005338   Section        0  port.o(i.pxPortInitialiseStack)
    i.reverse_bits_recursive                 0x08005364   Section        0  shift_multi_bits.o(i.reverse_bits_recursive)
    i.scroll_number_all                      0x08005390   Section        0  ssd1306.o(i.scroll_number_all)
    i.scroll_number_only                     0x08005528   Section        0  ssd1306.o(i.scroll_number_only)
    i.scroll_number_repare                   0x08005600   Section        0  ssd1306.o(i.scroll_number_repare)
    i.select_constract                       0x080056d0   Section        0  ssd1306.o(i.select_constract)
    i.set_pixel                              0x080056ec   Section        0  ssd1306.o(i.set_pixel)
    i.set_position                           0x08005770   Section        0  ssd1306.o(i.set_position)
    i.shift_left_around                      0x080057c0   Section        0  shift_multi_bits.o(i.shift_left_around)
    i.shift_left_arround_2d_arr              0x08005806   Section        0  shift_multi_bits.o(i.shift_left_arround_2d_arr)
    i.shift_left_arround_column_2d_arr       0x0800582c   Section        0  shift_multi_bits.o(i.shift_left_arround_column_2d_arr)
    i.sqrt                                   0x0800587a   Section        0  sqrt.o(i.sqrt)
    i.ssd1306_init                           0x080058e8   Section        0  ssd1306.o(i.ssd1306_init)
    i.uxListRemove                           0x08005a08   Section        0  list.o(i.uxListRemove)
    i.vListInitialise                        0x08005a2c   Section        0  list.o(i.vListInitialise)
    i.vListInitialiseItem                    0x08005a42   Section        0  list.o(i.vListInitialiseItem)
    i.vListInsert                            0x08005a48   Section        0  list.o(i.vListInsert)
    i.vListInsertEnd                         0x08005a78   Section        0  list.o(i.vListInsertEnd)
    i.vPortEnterCritical                     0x08005a90   Section        0  port.o(i.vPortEnterCritical)
    i.vPortExitCritical                      0x08005ad0   Section        0  port.o(i.vPortExitCritical)
    i.vPortFree                              0x08005af8   Section        0  heap_4.o(i.vPortFree)
    i.vPortSetupTimerInterrupt               0x08005b54   Section        0  port.o(i.vPortSetupTimerInterrupt)
    i.vTaskDelay                             0x08005b74   Section        0  tasks.o(i.vTaskDelay)
    i.vTaskStartScheduler                    0x08005bc0   Section        0  tasks.o(i.vTaskStartScheduler)
    i.vTaskSuspendAll                        0x08005c28   Section        0  tasks.o(i.vTaskSuspendAll)
    i.vTaskSwitchContext                     0x08005c38   Section        0  tasks.o(i.vTaskSwitchContext)
    i.write_command                          0x08005c94   Section        0  ssd1306.o(i.write_command)
    i.write_data                             0x08005cb0   Section        0  ssd1306.o(i.write_data)
    i.xPortStartScheduler                    0x08005ccc   Section        0  port.o(i.xPortStartScheduler)
    i.xPortSysTickHandler                    0x08005dac   Section        0  port.o(i.xPortSysTickHandler)
    i.xTaskCreate                            0x08005dd8   Section        0  tasks.o(i.xTaskCreate)
    i.xTaskGetSchedulerState                 0x08005e34   Section        0  tasks.o(i.xTaskGetSchedulerState)
    i.xTaskIncrementTick                     0x08005e50   Section        0  tasks.o(i.xTaskIncrementTick)
    i.xTaskResumeAll                         0x08005f18   Section        0  tasks.o(i.xTaskResumeAll)
    .constdata                               0x08005fdc   Section       29  ssd1306.o(.constdata)
    .constdata                               0x08005ff9   Section     2839  font.o(.constdata)
    .constdata                               0x08006b10   Section       20  main.o(.constdata)
    .constdata                               0x08006b24   Section       64  system_stm32l4xx.o(.constdata)
    .constdata                               0x08006b64   Section        8  system_stm32l4xx.o(.constdata)
    .constdata                               0x08006b70   Section      136  pow.o(.constdata)
    bp                                       0x08006b70   Data          16  pow.o(.constdata)
    dp_h                                     0x08006b80   Data          16  pow.o(.constdata)
    dp_l                                     0x08006b90   Data          16  pow.o(.constdata)
    L                                        0x08006ba0   Data          48  pow.o(.constdata)
    P                                        0x08006bd0   Data          40  pow.o(.constdata)
    .constdata                               0x08006bf8   Section        8  qnan.o(.constdata)
    .conststring                             0x08006c00   Section       21  main.o(.conststring)
    .data                                    0x20000000   Section        4  font.o(.data)
    .data                                    0x20000004   Section        1  main.o(.data)
    .data                                    0x20000008   Section        8  main.o(.data)
    .data                                    0x20000010   Section        2  stm32l4xx_it.o(.data)
    Data                                     0x20000010   Data           1  stm32l4xx_it.o(.data)
    index                                    0x20000011   Data           1  stm32l4xx_it.o(.data)
    .data                                    0x20000014   Section        4  stm32l4xx_hal.o(.data)
    .data                                    0x20000018   Section        4  system_stm32l4xx.o(.data)
    .data                                    0x2000001c   Section       24  heap_4.o(.data)
    pxEnd                                    0x2000001c   Data           4  heap_4.o(.data)
    xFreeBytesRemaining                      0x20000020   Data           4  heap_4.o(.data)
    xMinimumEverFreeBytesRemaining           0x20000024   Data           4  heap_4.o(.data)
    xBlockAllocatedBit                       0x20000028   Data           4  heap_4.o(.data)
    xStart                                   0x2000002c   Data           8  heap_4.o(.data)
    .data                                    0x20000034   Section       12  port.o(.data)
    ucMaxSysCallPriority                     0x20000034   Data           1  port.o(.data)
    uxCriticalNesting                        0x20000038   Data           4  port.o(.data)
    ulMaxPRIGROUPValue                       0x2000003c   Data           4  port.o(.data)
    .data                                    0x20000040   Section       60  tasks.o(.data)
    uxDeletedTasksWaitingCleanUp             0x20000044   Data           4  tasks.o(.data)
    uxCurrentNumberOfTasks                   0x20000048   Data           4  tasks.o(.data)
    xTickCount                               0x2000004c   Data           4  tasks.o(.data)
    uxTopReadyPriority                       0x20000050   Data           4  tasks.o(.data)
    xSchedulerRunning                        0x20000054   Data           4  tasks.o(.data)
    uxPendedTicks                            0x20000058   Data           4  tasks.o(.data)
    xYieldPending                            0x2000005c   Data           4  tasks.o(.data)
    xNumOfOverflows                          0x20000060   Data           4  tasks.o(.data)
    uxTaskNumber                             0x20000064   Data           4  tasks.o(.data)
    xNextTaskUnblockTime                     0x20000068   Data           4  tasks.o(.data)
    xIdleTaskHandle                          0x2000006c   Data           4  tasks.o(.data)
    uxSchedulerSuspended                     0x20000070   Data           4  tasks.o(.data)
    pxDelayedTaskList                        0x20000074   Data           4  tasks.o(.data)
    pxOverflowDelayedTaskList                0x20000078   Data           4  tasks.o(.data)
    .data                                    0x2000007c   Section        4  stdout.o(.data)
    .data                                    0x20000080   Section        4  mvars.o(.data)
    .data                                    0x20000084   Section        4  mvars.o(.data)
    .data                                    0x20000088   Section        4  errno.o(.data)
    _errno                                   0x20000088   Data           4  errno.o(.data)
    .bss                                     0x2000008c   Section       64  ssd1306.o(.bss)
    .bss                                     0x200000cc   Section      642  ssd1306.o(.bss)
    .bss                                     0x20000350   Section      208  main.o(.bss)
    .bss                                     0x20000420   Section      256  main.o(.bss)
    .bss                                     0x20000520   Section    10000  heap_4.o(.bss)
    ucHeap                                   0x20000520   Data       10000  heap_4.o(.bss)
    .bss                                     0x20002c30   Section      300  tasks.o(.bss)
    pxReadyTasksLists                        0x20002c30   Data         200  tasks.o(.bss)
    xDelayedTaskList1                        0x20002cf8   Data          20  tasks.o(.bss)
    xDelayedTaskList2                        0x20002d0c   Data          20  tasks.o(.bss)
    xPendingReadyList                        0x20002d20   Data          20  tasks.o(.bss)
    xTasksWaitingTermination                 0x20002d34   Data          20  tasks.o(.bss)
    xSuspendedTaskList                       0x20002d48   Data          20  tasks.o(.bss)
    HEAP                                     0x20002d60   Section    262144  startup_stm32l4r5xx.o(HEAP)
    STACK                                    0x20042d60   Section    262144  startup_stm32l4r5xx.o(STACK)

    Global Symbols

    Symbol Name                              Value     Ov Type        Size  Object(Section)

    BuildAttributes$$THM_ISAv4$E$P$D$K$B$S$7EM$VFPi3$EXTD16$VFPS$VFMA$PE$A:L22UL41UL21$X:L11$S22US41US21$IEEE1$IW$USESV6$~STKCKD$USESV7$~SHL$OTIME$ROPI$IEEEX$EBA8$MICROLIB$REQ8$PRES8$EABIv2 0x00000000   Number         0  anon$$obj.o ABSOLUTE
    __ARM_use_no_argv                        0x00000000   Number         0  main.o ABSOLUTE
    _printf_a                                0x00000000   Number         0  stubs.o ABSOLUTE
    _printf_c                                0x00000000   Number         0  stubs.o ABSOLUTE
    _printf_charcount                        0x00000000   Number         0  stubs.o ABSOLUTE
    _printf_d                                0x00000000   Number         0  stubs.o ABSOLUTE
    _printf_e                                0x00000000   Number         0  stubs.o ABSOLUTE
    _printf_f                                0x00000000   Number         0  stubs.o ABSOLUTE
    _printf_flags                            0x00000000   Number         0  stubs.o ABSOLUTE
    _printf_fp_dec                           0x00000000   Number         0  stubs.o ABSOLUTE
    _printf_fp_hex                           0x00000000   Number         0  stubs.o ABSOLUTE
    _printf_g                                0x00000000   Number         0  stubs.o ABSOLUTE
    _printf_i                                0x00000000   Number         0  stubs.o ABSOLUTE
    _printf_int_dec                          0x00000000   Number         0  stubs.o ABSOLUTE
    _printf_l                                0x00000000   Number         0  stubs.o ABSOLUTE
    _printf_lc                               0x00000000   Number         0  stubs.o ABSOLUTE
    _printf_ll                               0x00000000   Number         0  stubs.o ABSOLUTE
    _printf_lld                              0x00000000   Number         0  stubs.o ABSOLUTE
    _printf_lli                              0x00000000   Number         0  stubs.o ABSOLUTE
    _printf_llo                              0x00000000   Number         0  stubs.o ABSOLUTE
    _printf_llu                              0x00000000   Number         0  stubs.o ABSOLUTE
    _printf_llx                              0x00000000   Number         0  stubs.o ABSOLUTE
    _printf_longlong_dec                     0x00000000   Number         0  stubs.o ABSOLUTE
    _printf_longlong_hex                     0x00000000   Number         0  stubs.o ABSOLUTE
    _printf_longlong_oct                     0x00000000   Number         0  stubs.o ABSOLUTE
    _printf_ls                               0x00000000   Number         0  stubs.o ABSOLUTE
    _printf_mbtowc                           0x00000000   Number         0  stubs.o ABSOLUTE
    _printf_n                                0x00000000   Number         0  stubs.o ABSOLUTE
    _printf_o                                0x00000000   Number         0  stubs.o ABSOLUTE
    _printf_p                                0x00000000   Number         0  stubs.o ABSOLUTE
    _printf_percent                          0x00000000   Number         0  stubs.o ABSOLUTE
    _printf_pre_padding                      0x00000000   Number         0  stubs.o ABSOLUTE
    _printf_return_value                     0x00000000   Number         0  stubs.o ABSOLUTE
    _printf_s                                0x00000000   Number         0  stubs.o ABSOLUTE
    _printf_sizespec                         0x00000000   Number         0  stubs.o ABSOLUTE
    _printf_str                              0x00000000   Number         0  stubs.o ABSOLUTE
    _printf_truncate_signed                  0x00000000   Number         0  stubs.o ABSOLUTE
    _printf_truncate_unsigned                0x00000000   Number         0  stubs.o ABSOLUTE
    _printf_u                                0x00000000   Number         0  stubs.o ABSOLUTE
    _printf_wc                               0x00000000   Number         0  stubs.o ABSOLUTE
    _printf_wctomb                           0x00000000   Number         0  stubs.o ABSOLUTE
    _printf_widthprec                        0x00000000   Number         0  stubs.o ABSOLUTE
    _printf_x                                0x00000000   Number         0  stubs.o ABSOLUTE
    __cpp_initialize__aeabi_                  - Undefined Weak Reference
    __cxa_finalize                            - Undefined Weak Reference
    __decompress                              - Undefined Weak Reference
    _clock_init                               - Undefined Weak Reference
    _microlib_exit                            - Undefined Weak Reference
    __Vectors_Size                           0x000001bc   Number         0  startup_stm32l4r5xx.o ABSOLUTE
    __Vectors                                0x08000000   Data           4  startup_stm32l4r5xx.o(RESET)
    __Vectors_End                            0x080001bc   Data           0  startup_stm32l4r5xx.o(RESET)
    __main                                   0x080001bd   Thumb Code     0  entry.o(.ARM.Collect$$$$00000000)
    _main_stk                                0x080001bd   Thumb Code     0  entry2.o(.ARM.Collect$$$$00000001)
    _main_scatterload                        0x080001c1   Thumb Code     0  entry5.o(.ARM.Collect$$$$00000004)
    __main_after_scatterload                 0x080001c5   Thumb Code     0  entry5.o(.ARM.Collect$$$$00000004)
    _main_clock                              0x080001c5   Thumb Code     0  entry7b.o(.ARM.Collect$$$$00000008)
    _main_cpp_init                           0x080001c5   Thumb Code     0  entry8b.o(.ARM.Collect$$$$0000000A)
    _main_init                               0x080001c5   Thumb Code     0  entry9a.o(.ARM.Collect$$$$0000000B)
    __rt_final_cpp                           0x080001cd   Thumb Code     0  entry10a.o(.ARM.Collect$$$$0000000D)
    __rt_final_exit                          0x080001cd   Thumb Code     0  entry11a.o(.ARM.Collect$$$$0000000F)
    SVC_Handler                              0x080001d1   Thumb Code    28  port.o(.emb_text)
    __asm___6_port_c_39a90d8d__prvStartFirstTask 0x080001f1   Thumb Code    28  port.o(.emb_text)
    __asm___6_port_c_39a90d8d__prvEnableVFP  0x08000211   Thumb Code    16  port.o(.emb_text)
    PendSV_Handler                           0x08000225   Thumb Code    92  port.o(.emb_text)
    vPortGetIPSR                             0x08000285   Thumb Code     6  port.o(.emb_text)
    Reset_Handler                            0x080002ad   Thumb Code     8  startup_stm32l4r5xx.o(.text)
    ADC1_IRQHandler                          0x080002c7   Thumb Code     0  startup_stm32l4r5xx.o(.text)
    CAN1_RX0_IRQHandler                      0x080002c7   Thumb Code     0  startup_stm32l4r5xx.o(.text)
    CAN1_RX1_IRQHandler                      0x080002c7   Thumb Code     0  startup_stm32l4r5xx.o(.text)
    CAN1_SCE_IRQHandler                      0x080002c7   Thumb Code     0  startup_stm32l4r5xx.o(.text)
    CAN1_TX_IRQHandler                       0x080002c7   Thumb Code     0  startup_stm32l4r5xx.o(.text)
    COMP_IRQHandler                          0x080002c7   Thumb Code     0  startup_stm32l4r5xx.o(.text)
    CRS_IRQHandler                           0x080002c7   Thumb Code     0  startup_stm32l4r5xx.o(.text)
    DCMI_IRQHandler                          0x080002c7   Thumb Code     0  startup_stm32l4r5xx.o(.text)
    DFSDM1_FLT0_IRQHandler                   0x080002c7   Thumb Code     0  startup_stm32l4r5xx.o(.text)
    DFSDM1_FLT1_IRQHandler                   0x080002c7   Thumb Code     0  startup_stm32l4r5xx.o(.text)
    DFSDM1_FLT2_IRQHandler                   0x080002c7   Thumb Code     0  startup_stm32l4r5xx.o(.text)
    DFSDM1_FLT3_IRQHandler                   0x080002c7   Thumb Code     0  startup_stm32l4r5xx.o(.text)
    DMA1_Channel1_IRQHandler                 0x080002c7   Thumb Code     0  startup_stm32l4r5xx.o(.text)
    DMA1_Channel2_IRQHandler                 0x080002c7   Thumb Code     0  startup_stm32l4r5xx.o(.text)
    DMA1_Channel3_IRQHandler                 0x080002c7   Thumb Code     0  startup_stm32l4r5xx.o(.text)
    DMA1_Channel4_IRQHandler                 0x080002c7   Thumb Code     0  startup_stm32l4r5xx.o(.text)
    DMA1_Channel5_IRQHandler                 0x080002c7   Thumb Code     0  startup_stm32l4r5xx.o(.text)
    DMA1_Channel6_IRQHandler                 0x080002c7   Thumb Code     0  startup_stm32l4r5xx.o(.text)
    DMA1_Channel7_IRQHandler                 0x080002c7   Thumb Code     0  startup_stm32l4r5xx.o(.text)
    DMA2D_IRQHandler                         0x080002c7   Thumb Code     0  startup_stm32l4r5xx.o(.text)
    DMA2_Channel1_IRQHandler                 0x080002c7   Thumb Code     0  startup_stm32l4r5xx.o(.text)
    DMA2_Channel2_IRQHandler                 0x080002c7   Thumb Code     0  startup_stm32l4r5xx.o(.text)
    DMA2_Channel3_IRQHandler                 0x080002c7   Thumb Code     0  startup_stm32l4r5xx.o(.text)
    DMA2_Channel4_IRQHandler                 0x080002c7   Thumb Code     0  startup_stm32l4r5xx.o(.text)
    DMA2_Channel5_IRQHandler                 0x080002c7   Thumb Code     0  startup_stm32l4r5xx.o(.text)
    DMA2_Channel6_IRQHandler                 0x080002c7   Thumb Code     0  startup_stm32l4r5xx.o(.text)
    DMA2_Channel7_IRQHandler                 0x080002c7   Thumb Code     0  startup_stm32l4r5xx.o(.text)
    DMAMUX1_OVR_IRQHandler                   0x080002c7   Thumb Code     0  startup_stm32l4r5xx.o(.text)
    EXTI0_IRQHandler                         0x080002c7   Thumb Code     0  startup_stm32l4r5xx.o(.text)
    EXTI15_10_IRQHandler                     0x080002c7   Thumb Code     0  startup_stm32l4r5xx.o(.text)
    EXTI1_IRQHandler                         0x080002c7   Thumb Code     0  startup_stm32l4r5xx.o(.text)
    EXTI2_IRQHandler                         0x080002c7   Thumb Code     0  startup_stm32l4r5xx.o(.text)
    EXTI3_IRQHandler                         0x080002c7   Thumb Code     0  startup_stm32l4r5xx.o(.text)
    EXTI4_IRQHandler                         0x080002c7   Thumb Code     0  startup_stm32l4r5xx.o(.text)
    EXTI9_5_IRQHandler                       0x080002c7   Thumb Code     0  startup_stm32l4r5xx.o(.text)
    FLASH_IRQHandler                         0x080002c7   Thumb Code     0  startup_stm32l4r5xx.o(.text)
    FMC_IRQHandler                           0x080002c7   Thumb Code     0  startup_stm32l4r5xx.o(.text)
    FPU_IRQHandler                           0x080002c7   Thumb Code     0  startup_stm32l4r5xx.o(.text)
    GFXMMU_IRQHandler                        0x080002c7   Thumb Code     0  startup_stm32l4r5xx.o(.text)
    I2C1_ER_IRQHandler                       0x080002c7   Thumb Code     0  startup_stm32l4r5xx.o(.text)
    I2C2_ER_IRQHandler                       0x080002c7   Thumb Code     0  startup_stm32l4r5xx.o(.text)
    I2C2_EV_IRQHandler                       0x080002c7   Thumb Code     0  startup_stm32l4r5xx.o(.text)
    I2C3_ER_IRQHandler                       0x080002c7   Thumb Code     0  startup_stm32l4r5xx.o(.text)
    I2C3_EV_IRQHandler                       0x080002c7   Thumb Code     0  startup_stm32l4r5xx.o(.text)
    I2C4_ER_IRQHandler                       0x080002c7   Thumb Code     0  startup_stm32l4r5xx.o(.text)
    I2C4_EV_IRQHandler                       0x080002c7   Thumb Code     0  startup_stm32l4r5xx.o(.text)
    LPTIM1_IRQHandler                        0x080002c7   Thumb Code     0  startup_stm32l4r5xx.o(.text)
    LPTIM2_IRQHandler                        0x080002c7   Thumb Code     0  startup_stm32l4r5xx.o(.text)
    LTDC_ER_IRQHandler                       0x080002c7   Thumb Code     0  startup_stm32l4r5xx.o(.text)
    LTDC_IRQHandler                          0x080002c7   Thumb Code     0  startup_stm32l4r5xx.o(.text)
    OCTOSPI1_IRQHandler                      0x080002c7   Thumb Code     0  startup_stm32l4r5xx.o(.text)
    OCTOSPI2_IRQHandler                      0x080002c7   Thumb Code     0  startup_stm32l4r5xx.o(.text)
    OTG_FS_IRQHandler                        0x080002c7   Thumb Code     0  startup_stm32l4r5xx.o(.text)
    PVD_PVM_IRQHandler                       0x080002c7   Thumb Code     0  startup_stm32l4r5xx.o(.text)
    RCC_IRQHandler                           0x080002c7   Thumb Code     0  startup_stm32l4r5xx.o(.text)
    RNG_IRQHandler                           0x080002c7   Thumb Code     0  startup_stm32l4r5xx.o(.text)
    RTC_Alarm_IRQHandler                     0x080002c7   Thumb Code     0  startup_stm32l4r5xx.o(.text)
    RTC_WKUP_IRQHandler                      0x080002c7   Thumb Code     0  startup_stm32l4r5xx.o(.text)
    SAI1_IRQHandler                          0x080002c7   Thumb Code     0  startup_stm32l4r5xx.o(.text)
    SAI2_IRQHandler                          0x080002c7   Thumb Code     0  startup_stm32l4r5xx.o(.text)
    SDMMC1_IRQHandler                        0x080002c7   Thumb Code     0  startup_stm32l4r5xx.o(.text)
    SPI1_IRQHandler                          0x080002c7   Thumb Code     0  startup_stm32l4r5xx.o(.text)
    SPI2_IRQHandler                          0x080002c7   Thumb Code     0  startup_stm32l4r5xx.o(.text)
    SPI3_IRQHandler                          0x080002c7   Thumb Code     0  startup_stm32l4r5xx.o(.text)
    TAMP_STAMP_IRQHandler                    0x080002c7   Thumb Code     0  startup_stm32l4r5xx.o(.text)
    TIM1_BRK_TIM15_IRQHandler                0x080002c7   Thumb Code     0  startup_stm32l4r5xx.o(.text)
    TIM1_CC_IRQHandler                       0x080002c7   Thumb Code     0  startup_stm32l4r5xx.o(.text)
    TIM1_TRG_COM_TIM17_IRQHandler            0x080002c7   Thumb Code     0  startup_stm32l4r5xx.o(.text)
    TIM1_UP_TIM16_IRQHandler                 0x080002c7   Thumb Code     0  startup_stm32l4r5xx.o(.text)
    TIM2_IRQHandler                          0x080002c7   Thumb Code     0  startup_stm32l4r5xx.o(.text)
    TIM3_IRQHandler                          0x080002c7   Thumb Code     0  startup_stm32l4r5xx.o(.text)
    TIM4_IRQHandler                          0x080002c7   Thumb Code     0  startup_stm32l4r5xx.o(.text)
    TIM5_IRQHandler                          0x080002c7   Thumb Code     0  startup_stm32l4r5xx.o(.text)
    TIM6_DAC_IRQHandler                      0x080002c7   Thumb Code     0  startup_stm32l4r5xx.o(.text)
    TIM7_IRQHandler                          0x080002c7   Thumb Code     0  startup_stm32l4r5xx.o(.text)
    TIM8_BRK_IRQHandler                      0x080002c7   Thumb Code     0  startup_stm32l4r5xx.o(.text)
    TIM8_CC_IRQHandler                       0x080002c7   Thumb Code     0  startup_stm32l4r5xx.o(.text)
    TIM8_TRG_COM_IRQHandler                  0x080002c7   Thumb Code     0  startup_stm32l4r5xx.o(.text)
    TIM8_UP_IRQHandler                       0x080002c7   Thumb Code     0  startup_stm32l4r5xx.o(.text)
    TSC_IRQHandler                           0x080002c7   Thumb Code     0  startup_stm32l4r5xx.o(.text)
    UART4_IRQHandler                         0x080002c7   Thumb Code     0  startup_stm32l4r5xx.o(.text)
    UART5_IRQHandler                         0x080002c7   Thumb Code     0  startup_stm32l4r5xx.o(.text)
    USART1_IRQHandler                        0x080002c7   Thumb Code     0  startup_stm32l4r5xx.o(.text)
    USART2_IRQHandler                        0x080002c7   Thumb Code     0  startup_stm32l4r5xx.o(.text)
    USART3_IRQHandler                        0x080002c7   Thumb Code     0  startup_stm32l4r5xx.o(.text)
    WWDG_IRQHandler                          0x080002c7   Thumb Code     0  startup_stm32l4r5xx.o(.text)
    __aeabi_uldivmod                         0x080002d1   Thumb Code    98  uldiv.o(.text)
    __aeabi_memcpy                           0x08000339   Thumb Code    36  memcpya.o(.text)
    __aeabi_memcpy4                          0x08000339   Thumb Code     0  memcpya.o(.text)
    __aeabi_memcpy8                          0x08000339   Thumb Code     0  memcpya.o(.text)
    __aeabi_memset                           0x0800035d   Thumb Code    14  memseta.o(.text)
    __aeabi_memset4                          0x0800035d   Thumb Code     0  memseta.o(.text)
    __aeabi_memset8                          0x0800035d   Thumb Code     0  memseta.o(.text)
    __aeabi_memclr                           0x0800036b   Thumb Code     4  memseta.o(.text)
    __aeabi_memclr4                          0x0800036b   Thumb Code     0  memseta.o(.text)
    __aeabi_memclr8                          0x0800036b   Thumb Code     0  memseta.o(.text)
    _memset$wrapper                          0x0800036f   Thumb Code    18  memseta.o(.text)
    calloc                                   0x08000381   Thumb Code    28  calloc.o(.text)
    __aeabi_ui2d                             0x0800039d   Thumb Code    26  dfltui.o(.text)
    __aeabi_d2uiz                            0x080003b7   Thumb Code    50  dfixui.o(.text)
    __aeabi_llsl                             0x080003e9   Thumb Code    30  llshl.o(.text)
    _ll_shift_l                              0x080003e9   Thumb Code     0  llshl.o(.text)
    __aeabi_llsr                             0x08000407   Thumb Code    32  llushr.o(.text)
    _ll_ushift_r                             0x08000407   Thumb Code     0  llushr.o(.text)
    __I$use$fp                               0x08000427   Thumb Code     0  iusefp.o(.text)
    _double_round                            0x08000427   Thumb Code    30  depilogue.o(.text)
    _double_epilogue                         0x08000445   Thumb Code   156  depilogue.o(.text)
    __aeabi_dadd                             0x080004e1   Thumb Code   322  dadd.o(.text)
    __aeabi_dsub                             0x08000623   Thumb Code     6  dadd.o(.text)
    __aeabi_drsub                            0x08000629   Thumb Code     6  dadd.o(.text)
    __aeabi_dmul                             0x0800063f   Thumb Code   228  dmul.o(.text)
    __aeabi_ddiv                             0x08000729   Thumb Code   222  ddiv.o(.text)
    __ARM_scalbn                             0x08000807   Thumb Code    46  dscalb.o(.text)
    scalbn                                   0x08000807   Thumb Code     0  dscalb.o(.text)
    __aeabi_i2d                              0x08000835   Thumb Code    34  dflti.o(.text)
    __aeabi_cdrcmple                         0x08000859   Thumb Code    48  cdrcmple.o(.text)
    __scatterload                            0x08000889   Thumb Code    28  init.o(.text)
    __scatterload_rt2                        0x08000889   Thumb Code     0  init.o(.text)
    __aeabi_lasr                             0x080008ad   Thumb Code    36  llsshr.o(.text)
    _ll_sshift_r                             0x080008ad   Thumb Code     0  llsshr.o(.text)
    _dsqrt                                   0x080008d1   Thumb Code   162  dsqrt.o(.text)
    BusFault_Handler                         0x08000973   Thumb Code     2  stm32l4xx_it.o(i.BusFault_Handler)
    DebugMon_Handler                         0x08000975   Thumb Code     2  stm32l4xx_it.o(i.DebugMon_Handler)
    HAL_DMA_Abort_IT                         0x08000977   Thumb Code   112  stm32l4xx_hal_dma.o(i.HAL_DMA_Abort_IT)
    HAL_GPIO_Init                            0x080009e9   Thumb Code   398  stm32l4xx_hal_gpio.o(i.HAL_GPIO_Init)
    HAL_GPIO_WritePin                        0x08000ba7   Thumb Code    10  stm32l4xx_hal_gpio.o(i.HAL_GPIO_WritePin)
    HAL_GetTick                              0x08000bb1   Thumb Code     6  stm32l4xx_hal.o(i.HAL_GetTick)
    HAL_I2CEx_ConfigAnalogFilter             0x08000bbd   Thumb Code    86  stm32l4xx_hal_i2c_ex.o(i.HAL_I2CEx_ConfigAnalogFilter)
    HAL_I2CEx_ConfigDigitalFilter            0x08000c13   Thumb Code    82  stm32l4xx_hal_i2c_ex.o(i.HAL_I2CEx_ConfigDigitalFilter)
    HAL_I2C_EV_IRQHandler                    0x08000c65   Thumb Code    16  stm32l4xx_hal_i2c.o(i.HAL_I2C_EV_IRQHandler)
    HAL_I2C_Init                             0x08000c75   Thumb Code   184  stm32l4xx_hal_i2c.o(i.HAL_I2C_Init)
    HAL_I2C_Mem_Write                        0x08000d31   Thumb Code   338  stm32l4xx_hal_i2c.o(i.HAL_I2C_Mem_Write)
    HAL_I2C_MspInit                          0x08000e91   Thumb Code    80  stm32l4xx_hal_msp.o(i.HAL_I2C_MspInit)
    HAL_IncTick                              0x08000eed   Thumb Code    10  stm32l4xx_hal.o(i.HAL_IncTick)
    HAL_Init                                 0x08000efd   Thumb Code    22  stm32l4xx_hal.o(i.HAL_Init)
    HAL_InitTick                             0x08000f15   Thumb Code    34  stm32l4xx_hal.o(i.HAL_InitTick)
    HAL_MspInit                              0x08000f3d   Thumb Code   122  stm32l4xx_hal_msp.o(i.HAL_MspInit)
    HAL_NVIC_EnableIRQ                       0x08000fbd   Thumb Code    22  stm32l4xx_hal_cortex.o(i.HAL_NVIC_EnableIRQ)
    HAL_NVIC_SetPriority                     0x08000fd5   Thumb Code    60  stm32l4xx_hal_cortex.o(i.HAL_NVIC_SetPriority)
    HAL_NVIC_SetPriorityGrouping             0x08001015   Thumb Code    26  stm32l4xx_hal_cortex.o(i.HAL_NVIC_SetPriorityGrouping)
    HAL_PWREx_ControlVoltageScaling          0x08001039   Thumb Code   172  stm32l4xx_hal_pwr_ex.o(i.HAL_PWREx_ControlVoltageScaling)
    HAL_PWREx_EnableVddIO2                   0x080010f1   Thumb Code    12  stm32l4xx_hal_pwr_ex.o(i.HAL_PWREx_EnableVddIO2)
    HAL_PWREx_GetVoltageRange                0x08001101   Thumb Code    36  stm32l4xx_hal_pwr_ex.o(i.HAL_PWREx_GetVoltageRange)
    HAL_RCCEx_PeriphCLKConfig                0x08001129   Thumb Code  1048  stm32l4xx_hal_rcc_ex.o(i.HAL_RCCEx_PeriphCLKConfig)
    HAL_RCC_ClockConfig                      0x08001549   Thumb Code   356  stm32l4xx_hal_rcc.o(i.HAL_RCC_ClockConfig)
    HAL_RCC_GetHCLKFreq                      0x080016c1   Thumb Code     6  stm32l4xx_hal_rcc.o(i.HAL_RCC_GetHCLKFreq)
    HAL_RCC_GetPCLK1Freq                     0x080016cd   Thumb Code    20  stm32l4xx_hal_rcc.o(i.HAL_RCC_GetPCLK1Freq)
    HAL_RCC_GetPCLK2Freq                     0x080016ed   Thumb Code    20  stm32l4xx_hal_rcc.o(i.HAL_RCC_GetPCLK2Freq)
    HAL_RCC_GetSysClockFreq                  0x0800170d   Thumb Code   182  stm32l4xx_hal_rcc.o(i.HAL_RCC_GetSysClockFreq)
    HAL_RCC_OscConfig                        0x080017d1   Thumb Code  1212  stm32l4xx_hal_rcc.o(i.HAL_RCC_OscConfig)
    HAL_SYSTICK_CLKSourceConfig              0x08001c91   Thumb Code    24  stm32l4xx_hal_cortex.o(i.HAL_SYSTICK_CLKSourceConfig)
    HAL_SYSTICK_Config                       0x08001ca9   Thumb Code    40  stm32l4xx_hal_cortex.o(i.HAL_SYSTICK_Config)
    HAL_UARTEx_RxFifoFullCallback            0x08001cd1   Thumb Code     2  stm32l4xx_hal_uart_ex.o(i.HAL_UARTEx_RxFifoFullCallback)
    HAL_UARTEx_SetRxFifoThreshold            0x08001cd3   Thumb Code    76  stm32l4xx_hal_uart_ex.o(i.HAL_UARTEx_SetRxFifoThreshold)
    HAL_UARTEx_SetTxFifoThreshold            0x08001d1f   Thumb Code    76  stm32l4xx_hal_uart_ex.o(i.HAL_UARTEx_SetTxFifoThreshold)
    HAL_UARTEx_TxFifoEmptyCallback           0x08001d6b   Thumb Code     2  stm32l4xx_hal_uart_ex.o(i.HAL_UARTEx_TxFifoEmptyCallback)
    HAL_UARTEx_WakeupCallback                0x08001d6d   Thumb Code     2  stm32l4xx_hal_uart_ex.o(i.HAL_UARTEx_WakeupCallback)
    HAL_UART_ErrorCallback                   0x08001d6f   Thumb Code     2  stm32l4xx_hal_uart.o(i.HAL_UART_ErrorCallback)
    HAL_UART_IRQHandler                      0x08001d71   Thumb Code   404  stm32l4xx_hal_uart.o(i.HAL_UART_IRQHandler)
    HAL_UART_Init                            0x08001f0d   Thumb Code   106  stm32l4xx_hal_uart.o(i.HAL_UART_Init)
    HAL_UART_MspInit                         0x08001f79   Thumb Code    64  stm32l4xx_hal_msp.o(i.HAL_UART_MspInit)
    HAL_UART_Receive_IT                      0x08001fc5   Thumb Code   230  stm32l4xx_hal_uart.o(i.HAL_UART_Receive_IT)
    HAL_UART_RxCpltCallback                  0x080020bd   Thumb Code     2  stm32l4xx_hal_uart.o(i.HAL_UART_RxCpltCallback)
    HAL_UART_Transmit                        0x080020bf   Thumb Code   176  stm32l4xx_hal_uart.o(i.HAL_UART_Transmit)
    HAL_UART_TxCpltCallback                  0x0800216f   Thumb Code     2  stm32l4xx_hal_uart.o(i.HAL_UART_TxCpltCallback)
    HardFault_Handler                        0x08002171   Thumb Code     8  stm32l4xx_it.o(i.HardFault_Handler)
    I2C1_EV_IRQHandler                       0x08002191   Thumb Code     6  stm32l4xx_it.o(i.I2C1_EV_IRQHandler)
    LPUART1_IRQHandler                       0x080023c9   Thumb Code   144  stm32l4xx_it.o(i.LPUART1_IRQHandler)
    MemManage_Handler                        0x08002569   Thumb Code     2  stm32l4xx_it.o(i.MemManage_Handler)
    NMI_Handler                              0x0800256b   Thumb Code     2  stm32l4xx_it.o(i.NMI_Handler)
    SysTick_Handler                          0x080028c5   Thumb Code    14  stm32l4xx_it.o(i.SysTick_Handler)
    SystemClock_Config                       0x080028d5   Thumb Code   164  main.o(i.SystemClock_Config)
    SystemInit                               0x08002989   Thumb Code    56  system_stm32l4xx.o(i.SystemInit)
    UART_AdvFeatureConfig                    0x08002a35   Thumb Code   200  stm32l4xx_hal_uart.o(i.UART_AdvFeatureConfig)
    UART_CheckIdleState                      0x08002afd   Thumb Code    94  stm32l4xx_hal_uart.o(i.UART_CheckIdleState)
    UART_SetConfig                           0x08002d95   Thumb Code  1908  stm32l4xx_hal_uart.o(i.UART_SetConfig)
    UART_WaitOnFlagUntilTimeout              0x0800350f   Thumb Code   100  stm32l4xx_hal_uart.o(i.UART_WaitOnFlagUntilTimeout)
    UnitSecondScrollTask                     0x08003575   Thumb Code   192  main.o(i.UnitSecondScrollTask)
    UsageFault_Handler                       0x0800363d   Thumb Code     2  stm32l4xx_it.o(i.UsageFault_Handler)
    _Error_Handler                           0x08003641   Thumb Code    10  main.o(i._Error_Handler)
    __0printf$8                              0x08003671   Thumb Code    22  printf8.o(i.__0printf$8)
    __1printf$8                              0x08003671   Thumb Code     0  printf8.o(i.__0printf$8)
    __2printf                                0x08003671   Thumb Code     0  printf8.o(i.__0printf$8)
    __ARM_fpclassify                         0x08003691   Thumb Code    48  fpclassify.o(i.__ARM_fpclassify)
    __hardfp_pow                             0x080036c1   Thumb Code  3072  pow.o(i.__hardfp_pow)
    __kernel_poly                            0x08004341   Thumb Code   248  poly.o(i.__kernel_poly)
    __mathlib_dbl_divzero                    0x08004439   Thumb Code    28  dunder.o(i.__mathlib_dbl_divzero)
    __mathlib_dbl_infnan2                    0x08004469   Thumb Code    20  dunder.o(i.__mathlib_dbl_infnan2)
    __mathlib_dbl_invalid                    0x08004481   Thumb Code    24  dunder.o(i.__mathlib_dbl_invalid)
    __mathlib_dbl_overflow                   0x080044a1   Thumb Code    24  dunder.o(i.__mathlib_dbl_overflow)
    __mathlib_dbl_underflow                  0x080044c1   Thumb Code    24  dunder.o(i.__mathlib_dbl_underflow)
    __scatterload_copy                       0x080044e1   Thumb Code    14  handlers.o(i.__scatterload_copy)
    __scatterload_null                       0x080044ef   Thumb Code     2  handlers.o(i.__scatterload_null)
    __scatterload_zeroinit                   0x080044f1   Thumb Code    14  handlers.o(i.__scatterload_zeroinit)
    __set_errno                              0x08004501   Thumb Code     6  errno.o(i.__set_errno)
    clear_8bit_pixel                         0x08004975   Thumb Code    90  ssd1306.o(i.clear_8bit_pixel)
    create_scroll_array                      0x080049d5   Thumb Code   116  ssd1306.o(i.create_scroll_array)
    display_number                           0x08004a5d   Thumb Code   154  ssd1306.o(i.display_number)
    display_off                              0x08004b0b   Thumb Code    18  ssd1306.o(i.display_off)
    display_on                               0x08004b1d   Thumb Code    18  ssd1306.o(i.display_on)
    fabs                                     0x08004b2f   Thumb Code    24  fabs.o(i.fabs)
    font_init                                0x08004b49   Thumb Code   160  font.o(i.font_init)
    fputc                                    0x08004c51   Thumb Code    20  main.o(i.fputc)
    free                                     0x08004c69   Thumb Code    76  malloc.o(i.free)
    main                                     0x08004cb9   Thumb Code   310  main.o(i.main)
    malloc                                   0x08004e19   Thumb Code    92  malloc.o(i.malloc)
    osDelay                                  0x08004e85   Thumb Code    14  cmsis_os.o(i.osDelay)
    osKernelStart                            0x08004e93   Thumb Code    10  cmsis_os.o(i.osKernelStart)
    osSystickHandler                         0x08004e9d   Thumb Code    20  cmsis_os.o(i.osSystickHandler)
    osThreadCreate                           0x08004eb1   Thumb Code    46  cmsis_os.o(i.osThreadCreate)
    over_pixel                               0x08004ee1   Thumb Code    68  ssd1306.o(i.over_pixel)
    pvPortMalloc                             0x08005261   Thumb Code   210  heap_4.o(i.pvPortMalloc)
    pxPortInitialiseStack                    0x08005339   Thumb Code    40  port.o(i.pxPortInitialiseStack)
    reverse_bits_recursive                   0x08005365   Thumb Code    44  shift_multi_bits.o(i.reverse_bits_recursive)
    scroll_number_all                        0x08005391   Thumb Code   384  ssd1306.o(i.scroll_number_all)
    scroll_number_only                       0x08005529   Thumb Code   202  ssd1306.o(i.scroll_number_only)
    scroll_number_repare                     0x08005601   Thumb Code   202  ssd1306.o(i.scroll_number_repare)
    select_constract                         0x080056d1   Thumb Code    24  ssd1306.o(i.select_constract)
    set_pixel                                0x080056ed   Thumb Code   118  ssd1306.o(i.set_pixel)
    set_position                             0x08005771   Thumb Code    74  ssd1306.o(i.set_position)
    shift_left_around                        0x080057c1   Thumb Code    70  shift_multi_bits.o(i.shift_left_around)
    shift_left_arround_2d_arr                0x08005807   Thumb Code    38  shift_multi_bits.o(i.shift_left_arround_2d_arr)
    shift_left_arround_column_2d_arr         0x0800582d   Thumb Code    78  shift_multi_bits.o(i.shift_left_arround_column_2d_arr)
    sqrt                                     0x0800587b   Thumb Code   110  sqrt.o(i.sqrt)
    ssd1306_init                             0x080058e9   Thumb Code   226  ssd1306.o(i.ssd1306_init)
    uxListRemove                             0x08005a09   Thumb Code    36  list.o(i.uxListRemove)
    vListInitialise                          0x08005a2d   Thumb Code    22  list.o(i.vListInitialise)
    vListInitialiseItem                      0x08005a43   Thumb Code     6  list.o(i.vListInitialiseItem)
    vListInsert                              0x08005a49   Thumb Code    48  list.o(i.vListInsert)
    vListInsertEnd                           0x08005a79   Thumb Code    24  list.o(i.vListInsertEnd)
    vPortEnterCritical                       0x08005a91   Thumb Code    54  port.o(i.vPortEnterCritical)
    vPortExitCritical                        0x08005ad1   Thumb Code    34  port.o(i.vPortExitCritical)
    vPortFree                                0x08005af9   Thumb Code    88  heap_4.o(i.vPortFree)
    vPortSetupTimerInterrupt                 0x08005b55   Thumb Code    26  port.o(i.vPortSetupTimerInterrupt)
    vTaskDelay                               0x08005b75   Thumb Code    66  tasks.o(i.vTaskDelay)
    vTaskStartScheduler                      0x08005bc1   Thumb Code    86  tasks.o(i.vTaskStartScheduler)
    vTaskSuspendAll                          0x08005c29   Thumb Code    10  tasks.o(i.vTaskSuspendAll)
    vTaskSwitchContext                       0x08005c39   Thumb Code    82  tasks.o(i.vTaskSwitchContext)
    write_command                            0x08005c95   Thumb Code    24  ssd1306.o(i.write_command)
    write_data                               0x08005cb1   Thumb Code    24  ssd1306.o(i.write_data)
    xPortStartScheduler                      0x08005ccd   Thumb Code   202  port.o(i.xPortStartScheduler)
    xPortSysTickHandler                      0x08005dad   Thumb Code    38  port.o(i.xPortSysTickHandler)
    xTaskCreate                              0x08005dd9   Thumb Code    86  tasks.o(i.xTaskCreate)
    xTaskGetSchedulerState                   0x08005e35   Thumb Code    22  tasks.o(i.xTaskGetSchedulerState)
    xTaskIncrementTick                       0x08005e51   Thumb Code   192  tasks.o(i.xTaskIncrementTick)
    xTaskResumeAll                           0x08005f19   Thumb Code   182  tasks.o(i.xTaskResumeAll)
    font_27x24                               0x08005ff9   Data        1188  font.o(.constdata)
    font_19x24                               0x0800649d   Data         760  font.o(.constdata)
    font_7x24                                0x08006795   Data          21  font.o(.constdata)
    font_18x16                               0x080067aa   Data         540  font.o(.constdata)
    font_11x16                               0x080069c6   Data         330  font.o(.constdata)
    AHBPrescTable                            0x08006b24   Data          16  system_stm32l4xx.o(.constdata)
    MSIRangeTable                            0x08006b34   Data          48  system_stm32l4xx.o(.constdata)
    APBPrescTable                            0x08006b64   Data           8  system_stm32l4xx.o(.constdata)
    __mathlib_zero                           0x08006bf8   Data           8  qnan.o(.constdata)
    Region$$Table$$Base                      0x08006c18   Number         0  anon$$obj.o(Region$$Table)
    Region$$Table$$Limit                     0x08006c38   Number         0  anon$$obj.o(Region$$Table)
    m_font                                   0x20000000   Data           4  font.o(.data)
    get_data_stat                            0x20000004   Data           1  main.o(.data)
    sec                                      0x20000008   Data           1  main.o(.data)
    min                                      0x20000009   Data           1  main.o(.data)
    hour                                     0x2000000a   Data           1  main.o(.data)
    UnitSecondScrollTaskHandle               0x2000000c   Data           4  main.o(.data)
    uwTick                                   0x20000014   Data           4  stm32l4xx_hal.o(.data)
    SystemCoreClock                          0x20000018   Data           4  system_stm32l4xx.o(.data)
    pxCurrentTCB                             0x20000040   Data           4  tasks.o(.data)
    __stdout                                 0x2000007c   Data           4  stdout.o(.data)
    __microlib_freelist                      0x20000080   Data           4  mvars.o(.data)
    __microlib_freelist_initialised          0x20000084   Data           4  mvars.o(.data)
    m_ssd1306                                0x2000008c   Data          64  ssd1306.o(.bss)
    array_sec_unit                           0x200000cc   Data          55  ssd1306.o(.bss)
    array_sec_dec                            0x20000103   Data          55  ssd1306.o(.bss)
    array_min_unit                           0x2000013a   Data         133  ssd1306.o(.bss)
    array_min_dec                            0x200001bf   Data         133  ssd1306.o(.bss)
    array_hour_unit                          0x20000244   Data         133  ssd1306.o(.bss)
    array_hour_dec                           0x200002c9   Data         133  ssd1306.o(.bss)
    hi2c1                                    0x20000350   Data          76  main.o(.bss)
    hlpuart1                                 0x2000039c   Data         132  main.o(.bss)
    data_receive                             0x20000420   Data         256  main.o(.bss)
    __heap_base                              0x20002d60   Data           0  startup_stm32l4r5xx.o(HEAP)
    __heap_limit                             0x20042d60   Data           0  startup_stm32l4r5xx.o(HEAP)
    __initial_sp                             0x20082d60   Data           0  startup_stm32l4r5xx.o(STACK)



==============================================================================

Memory Map of the image

  Image Entry point : 0x080001bd

  Load Region LR_IROM1 (Base: 0x08000000, Size: 0x00006cc4, Max: 0x00200000, ABSOLUTE)

    Execution Region ER_IROM1 (Exec base: 0x08000000, Load base: 0x08000000, Size: 0x00006c38, Max: 0x00200000, ABSOLUTE)

    Exec Addr    Load Addr    Size         Type   Attr      Idx    E Section Name        Object

    0x08000000   0x08000000   0x000001bc   Data   RO            3    RESET               startup_stm32l4r5xx.o
    0x080001bc   0x080001bc   0x00000000   Code   RO         4224  * .ARM.Collect$$$$00000000  mc_w.l(entry.o)
    0x080001bc   0x080001bc   0x00000004   Code   RO         4567    .ARM.Collect$$$$00000001  mc_w.l(entry2.o)
    0x080001c0   0x080001c0   0x00000004   Code   RO         4570    .ARM.Collect$$$$00000004  mc_w.l(entry5.o)
    0x080001c4   0x080001c4   0x00000000   Code   RO         4572    .ARM.Collect$$$$00000008  mc_w.l(entry7b.o)
    0x080001c4   0x080001c4   0x00000000   Code   RO         4574    .ARM.Collect$$$$0000000A  mc_w.l(entry8b.o)
    0x080001c4   0x080001c4   0x00000008   Code   RO         4575    .ARM.Collect$$$$0000000B  mc_w.l(entry9a.o)
    0x080001cc   0x080001cc   0x00000000   Code   RO         4577    .ARM.Collect$$$$0000000D  mc_w.l(entry10a.o)
    0x080001cc   0x080001cc   0x00000000   Code   RO         4579    .ARM.Collect$$$$0000000F  mc_w.l(entry11a.o)
    0x080001cc   0x080001cc   0x00000004   Code   RO         4568    .ARM.Collect$$$$00002712  mc_w.l(entry2.o)
    0x080001d0   0x080001d0   0x000000da   Code   RO         3208    .emb_text           port.o
    0x080002aa   0x080002aa   0x00000002   PAD
    0x080002ac   0x080002ac   0x00000024   Code   RO            4    .text               startup_stm32l4r5xx.o
    0x080002d0   0x080002d0   0x00000068   Code   RO         4227    .text               mc_w.l(uldiv.o)
    0x08000338   0x08000338   0x00000024   Code   RO         4229    .text               mc_w.l(memcpya.o)
    0x0800035c   0x0800035c   0x00000024   Code   RO         4231    .text               mc_w.l(memseta.o)
    0x08000380   0x08000380   0x0000001c   Code   RO         4524    .text               mc_w.l(calloc.o)
    0x0800039c   0x0800039c   0x0000001a   Code   RO         4526    .text               mf_w.l(dfltui.o)
    0x080003b6   0x080003b6   0x00000032   Code   RO         4528    .text               mf_w.l(dfixui.o)
    0x080003e8   0x080003e8   0x0000001e   Code   RO         4584    .text               mc_w.l(llshl.o)
    0x08000406   0x08000406   0x00000020   Code   RO         4586    .text               mc_w.l(llushr.o)
    0x08000426   0x08000426   0x00000000   Code   RO         4597    .text               mc_w.l(iusefp.o)
    0x08000426   0x08000426   0x000000ba   Code   RO         4598    .text               mf_w.l(depilogue.o)
    0x080004e0   0x080004e0   0x0000015e   Code   RO         4600    .text               mf_w.l(dadd.o)
    0x0800063e   0x0800063e   0x000000ea   Code   RO         4602    .text               mf_w.l(dmul.o)
    0x08000728   0x08000728   0x000000de   Code   RO         4604    .text               mf_w.l(ddiv.o)
    0x08000806   0x08000806   0x0000002e   Code   RO         4608    .text               mf_w.l(dscalb.o)
    0x08000834   0x08000834   0x00000022   Code   RO         4610    .text               mf_w.l(dflti.o)
    0x08000856   0x08000856   0x00000002   PAD
    0x08000858   0x08000858   0x00000030   Code   RO         4614    .text               mf_w.l(cdrcmple.o)
    0x08000888   0x08000888   0x00000024   Code   RO         4616    .text               mc_w.l(init.o)
    0x080008ac   0x080008ac   0x00000024   Code   RO         4618    .text               mc_w.l(llsshr.o)
    0x080008d0   0x080008d0   0x000000a2   Code   RO         4620    .text               mf_w.l(dsqrt.o)
    0x08000972   0x08000972   0x00000002   Code   RO          476    i.BusFault_Handler  stm32l4xx_it.o
    0x08000974   0x08000974   0x00000002   Code   RO          477    i.DebugMon_Handler  stm32l4xx_it.o
    0x08000976   0x08000976   0x00000070   Code   RO         2444    i.HAL_DMA_Abort_IT  stm32l4xx_hal_dma.o
    0x080009e6   0x080009e6   0x00000002   PAD
    0x080009e8   0x080009e8   0x000001be   Code   RO         2377    i.HAL_GPIO_Init     stm32l4xx_hal_gpio.o
    0x08000ba6   0x08000ba6   0x0000000a   Code   RO         2381    i.HAL_GPIO_WritePin  stm32l4xx_hal_gpio.o
    0x08000bb0   0x08000bb0   0x0000000c   Code   RO         1650    i.HAL_GetTick       stm32l4xx_hal.o
    0x08000bbc   0x08000bbc   0x00000056   Code   RO         1078    i.HAL_I2CEx_ConfigAnalogFilter  stm32l4xx_hal_i2c_ex.o
    0x08000c12   0x08000c12   0x00000052   Code   RO         1079    i.HAL_I2CEx_ConfigDigitalFilter  stm32l4xx_hal_i2c_ex.o
    0x08000c64   0x08000c64   0x00000010   Code   RO          626    i.HAL_I2C_EV_IRQHandler  stm32l4xx_hal_i2c.o
    0x08000c74   0x08000c74   0x000000bc   Code   RO          632    i.HAL_I2C_Init      stm32l4xx_hal_i2c.o
    0x08000d30   0x08000d30   0x0000015e   Code   RO          653    i.HAL_I2C_Mem_Write  stm32l4xx_hal_i2c.o
    0x08000e8e   0x08000e8e   0x00000002   PAD
    0x08000e90   0x08000e90   0x0000005c   Code   RO          574    i.HAL_I2C_MspInit   stm32l4xx_hal_msp.o
    0x08000eec   0x08000eec   0x00000010   Code   RO         1654    i.HAL_IncTick       stm32l4xx_hal.o
    0x08000efc   0x08000efc   0x00000016   Code   RO         1655    i.HAL_Init          stm32l4xx_hal.o
    0x08000f12   0x08000f12   0x00000002   PAD
    0x08000f14   0x08000f14   0x00000028   Code   RO         1656    i.HAL_InitTick      stm32l4xx_hal.o
    0x08000f3c   0x08000f3c   0x00000080   Code   RO          575    i.HAL_MspInit       stm32l4xx_hal_msp.o
    0x08000fbc   0x08000fbc   0x00000016   Code   RO         2982    i.HAL_NVIC_EnableIRQ  stm32l4xx_hal_cortex.o
    0x08000fd2   0x08000fd2   0x00000002   PAD
    0x08000fd4   0x08000fd4   0x00000040   Code   RO         2988    i.HAL_NVIC_SetPriority  stm32l4xx_hal_cortex.o
    0x08001014   0x08001014   0x00000024   Code   RO         2989    i.HAL_NVIC_SetPriorityGrouping  stm32l4xx_hal_cortex.o
    0x08001038   0x08001038   0x000000b8   Code   RO         2708    i.HAL_PWREx_ControlVoltageScaling  stm32l4xx_hal_pwr_ex.o
    0x080010f0   0x080010f0   0x00000010   Code   RO         2737    i.HAL_PWREx_EnableVddIO2  stm32l4xx_hal_pwr_ex.o
    0x08001100   0x08001100   0x00000028   Code   RO         2743    i.HAL_PWREx_GetVoltageRange  stm32l4xx_hal_pwr_ex.o
    0x08001128   0x08001128   0x0000041e   Code   RO         1982    i.HAL_RCCEx_PeriphCLKConfig  stm32l4xx_hal_rcc_ex.o
    0x08001546   0x08001546   0x00000002   PAD
    0x08001548   0x08001548   0x00000178   Code   RO         1853    i.HAL_RCC_ClockConfig  stm32l4xx_hal_rcc.o
    0x080016c0   0x080016c0   0x0000000c   Code   RO         1857    i.HAL_RCC_GetHCLKFreq  stm32l4xx_hal_rcc.o
    0x080016cc   0x080016cc   0x00000020   Code   RO         1859    i.HAL_RCC_GetPCLK1Freq  stm32l4xx_hal_rcc.o
    0x080016ec   0x080016ec   0x00000020   Code   RO         1860    i.HAL_RCC_GetPCLK2Freq  stm32l4xx_hal_rcc.o
    0x0800170c   0x0800170c   0x000000c4   Code   RO         1861    i.HAL_RCC_GetSysClockFreq  stm32l4xx_hal_rcc.o
    0x080017d0   0x080017d0   0x000004c0   Code   RO         1864    i.HAL_RCC_OscConfig  stm32l4xx_hal_rcc.o
    0x08001c90   0x08001c90   0x00000018   Code   RO         2991    i.HAL_SYSTICK_CLKSourceConfig  stm32l4xx_hal_cortex.o
    0x08001ca8   0x08001ca8   0x00000028   Code   RO         2993    i.HAL_SYSTICK_Config  stm32l4xx_hal_cortex.o
    0x08001cd0   0x08001cd0   0x00000002   Code   RO         1514    i.HAL_UARTEx_RxFifoFullCallback  stm32l4xx_hal_uart_ex.o
    0x08001cd2   0x08001cd2   0x0000004c   Code   RO         1515    i.HAL_UARTEx_SetRxFifoThreshold  stm32l4xx_hal_uart_ex.o
    0x08001d1e   0x08001d1e   0x0000004c   Code   RO         1516    i.HAL_UARTEx_SetTxFifoThreshold  stm32l4xx_hal_uart_ex.o
    0x08001d6a   0x08001d6a   0x00000002   Code   RO         1518    i.HAL_UARTEx_TxFifoEmptyCallback  stm32l4xx_hal_uart_ex.o
    0x08001d6c   0x08001d6c   0x00000002   Code   RO         1519    i.HAL_UARTEx_WakeupCallback  stm32l4xx_hal_uart_ex.o
    0x08001d6e   0x08001d6e   0x00000002   Code   RO         1154    i.HAL_UART_ErrorCallback  stm32l4xx_hal_uart.o
    0x08001d70   0x08001d70   0x0000019c   Code   RO         1157    i.HAL_UART_IRQHandler  stm32l4xx_hal_uart.o
    0x08001f0c   0x08001f0c   0x0000006a   Code   RO         1158    i.HAL_UART_Init     stm32l4xx_hal_uart.o
    0x08001f76   0x08001f76   0x00000002   PAD
    0x08001f78   0x08001f78   0x0000004c   Code   RO          577    i.HAL_UART_MspInit  stm32l4xx_hal_msp.o
    0x08001fc4   0x08001fc4   0x000000f8   Code   RO         1163    i.HAL_UART_Receive_IT  stm32l4xx_hal_uart.o
    0x080020bc   0x080020bc   0x00000002   Code   RO         1164    i.HAL_UART_RxCpltCallback  stm32l4xx_hal_uart.o
    0x080020be   0x080020be   0x000000b0   Code   RO         1166    i.HAL_UART_Transmit  stm32l4xx_hal_uart.o
    0x0800216e   0x0800216e   0x00000002   Code   RO         1169    i.HAL_UART_TxCpltCallback  stm32l4xx_hal_uart.o
    0x08002170   0x08002170   0x00000020   Code   RO          478    i.HardFault_Handler  stm32l4xx_it.o
    0x08002190   0x08002190   0x0000000c   Code   RO          479    i.I2C1_EV_IRQHandler  stm32l4xx_it.o
    0x0800219c   0x0800219c   0x00000022   Code   RO          679    i.I2C_Flush_TXDR    stm32l4xx_hal_i2c.o
    0x080021be   0x080021be   0x00000002   PAD
    0x080021c0   0x080021c0   0x00000084   Code   RO          687    i.I2C_IsAcknowledgeFailed  stm32l4xx_hal_i2c.o
    0x08002244   0x08002244   0x00000064   Code   RO          691    i.I2C_RequestMemoryWrite  stm32l4xx_hal_i2c.o
    0x080022a8   0x080022a8   0x0000002c   Code   RO          694    i.I2C_TransferConfig  stm32l4xx_hal_i2c.o
    0x080022d4   0x080022d4   0x00000058   Code   RO          695    i.I2C_WaitOnFlagUntilTimeout  stm32l4xx_hal_i2c.o
    0x0800232c   0x0800232c   0x0000004c   Code   RO          697    i.I2C_WaitOnSTOPFlagUntilTimeout  stm32l4xx_hal_i2c.o
    0x08002378   0x08002378   0x00000050   Code   RO          698    i.I2C_WaitOnTXISFlagUntilTimeout  stm32l4xx_hal_i2c.o
    0x080023c8   0x080023c8   0x000000b4   Code   RO          480    i.LPUART1_IRQHandler  stm32l4xx_it.o
    0x0800247c   0x0800247c   0x00000070   Code   RO          394    i.MX_I2C1_Init      main.o
    0x080024ec   0x080024ec   0x0000007c   Code   RO          395    i.MX_LPUART1_UART_Init  main.o
    0x08002568   0x08002568   0x00000002   Code   RO          481    i.MemManage_Handler  stm32l4xx_it.o
    0x0800256a   0x0800256a   0x00000002   Code   RO          482    i.NMI_Handler       stm32l4xx_it.o
    0x0800256c   0x0800256c   0x00000020   Code   RO         2995    i.NVIC_SetPriority  stm32l4xx_hal_cortex.o
    0x0800258c   0x0800258c   0x00000128   Code   RO         1985    i.RCCEx_PLLSAI1_Config  stm32l4xx_hal_rcc_ex.o
    0x080026b4   0x080026b4   0x00000128   Code   RO         1986    i.RCCEx_PLLSAI2_Config  stm32l4xx_hal_rcc_ex.o
    0x080027dc   0x080027dc   0x00000074   Code   RO         1865    i.RCC_GetSysClockFreqFromPLLSource  stm32l4xx_hal_rcc.o
    0x08002850   0x08002850   0x00000074   Code   RO         1866    i.RCC_SetFlashLatencyFromMSIRange  stm32l4xx_hal_rcc.o
    0x080028c4   0x080028c4   0x0000000e   Code   RO          483    i.SysTick_Handler   stm32l4xx_it.o
    0x080028d2   0x080028d2   0x00000002   PAD
    0x080028d4   0x080028d4   0x000000b4   Code   RO          396    i.SystemClock_Config  main.o
    0x08002988   0x08002988   0x00000044   Code   RO         3113    i.SystemInit        system_stm32l4xx.o
    0x080029cc   0x080029cc   0x00000068   Code   RO         1520    i.UARTEx_SetNbDataToProcess  stm32l4xx_hal_uart_ex.o
    0x08002a34   0x08002a34   0x000000c8   Code   RO         1171    i.UART_AdvFeatureConfig  stm32l4xx_hal_uart.o
    0x08002afc   0x08002afc   0x0000005e   Code   RO         1172    i.UART_CheckIdleState  stm32l4xx_hal_uart.o
    0x08002b5a   0x08002b5a   0x00000014   Code   RO         1173    i.UART_DMAAbortOnError  stm32l4xx_hal_uart.o
    0x08002b6e   0x08002b6e   0x00000002   PAD
    0x08002b70   0x08002b70   0x00000024   Code   RO         1183    i.UART_EndRxTransfer  stm32l4xx_hal_uart.o
    0x08002b94   0x08002b94   0x0000005c   Code   RO         1185    i.UART_RxISR_16BIT  stm32l4xx_hal_uart.o
    0x08002bf0   0x08002bf0   0x000000a4   Code   RO         1186    i.UART_RxISR_16BIT_FIFOEN  stm32l4xx_hal_uart.o
    0x08002c94   0x08002c94   0x0000005a   Code   RO         1187    i.UART_RxISR_8BIT   stm32l4xx_hal_uart.o
    0x08002cee   0x08002cee   0x00000002   PAD
    0x08002cf0   0x08002cf0   0x000000a4   Code   RO         1188    i.UART_RxISR_8BIT_FIFOEN  stm32l4xx_hal_uart.o
    0x08002d94   0x08002d94   0x0000077a   Code   RO         1189    i.UART_SetConfig    stm32l4xx_hal_uart.o
    0x0800350e   0x0800350e   0x00000064   Code   RO         1194    i.UART_WaitOnFlagUntilTimeout  stm32l4xx_hal_uart.o
    0x08003572   0x08003572   0x00000002   PAD
    0x08003574   0x08003574   0x000000c8   Code   RO          397    i.UnitSecondScrollTask  main.o
    0x0800363c   0x0800363c   0x00000002   Code   RO          484    i.UsageFault_Handler  stm32l4xx_it.o
    0x0800363e   0x0800363e   0x00000002   PAD
    0x08003640   0x08003640   0x00000030   Code   RO          398    i._Error_Handler    main.o
    0x08003670   0x08003670   0x00000020   Code   RO         4442    i.__0printf$8       mc_w.l(printf8.o)
    0x08003690   0x08003690   0x00000030   Code   RO         4550    i.__ARM_fpclassify  m_wm.l(fpclassify.o)
    0x080036c0   0x080036c0   0x00000c80   Code   RO         4210    i.__hardfp_pow      m_wm.l(pow.o)
    0x08004340   0x08004340   0x000000f8   Code   RO         4552    i.__kernel_poly     m_wm.l(poly.o)
    0x08004438   0x08004438   0x00000030   Code   RO         4530    i.__mathlib_dbl_divzero  m_wm.l(dunder.o)
    0x08004468   0x08004468   0x00000014   Code   RO         4532    i.__mathlib_dbl_infnan2  m_wm.l(dunder.o)
    0x0800447c   0x0800447c   0x00000004   PAD
    0x08004480   0x08004480   0x00000020   Code   RO         4533    i.__mathlib_dbl_invalid  m_wm.l(dunder.o)
    0x080044a0   0x080044a0   0x00000020   Code   RO         4534    i.__mathlib_dbl_overflow  m_wm.l(dunder.o)
    0x080044c0   0x080044c0   0x00000020   Code   RO         4536    i.__mathlib_dbl_underflow  m_wm.l(dunder.o)
    0x080044e0   0x080044e0   0x0000000e   Code   RO         4626    i.__scatterload_copy  mc_w.l(handlers.o)
    0x080044ee   0x080044ee   0x00000002   Code   RO         4627    i.__scatterload_null  mc_w.l(handlers.o)
    0x080044f0   0x080044f0   0x0000000e   Code   RO         4628    i.__scatterload_zeroinit  mc_w.l(handlers.o)
    0x080044fe   0x080044fe   0x00000002   PAD
    0x08004500   0x08004500   0x0000000c   Code   RO         4592    i.__set_errno       mc_w.l(errno.o)
    0x0800450c   0x0800450c   0x00000416   Code   RO         4449    i._printf_core      mc_w.l(printf8.o)
    0x08004922   0x08004922   0x00000024   Code   RO         4450    i._printf_post_padding  mc_w.l(printf8.o)
    0x08004946   0x08004946   0x0000002e   Code   RO         4451    i._printf_pre_padding  mc_w.l(printf8.o)
    0x08004974   0x08004974   0x00000060   Code   RO           13    i.clear_8bit_pixel  ssd1306.o
    0x080049d4   0x080049d4   0x00000088   Code   RO           14    i.create_scroll_array  ssd1306.o
    0x08004a5c   0x08004a5c   0x000000ae   Code   RO           15    i.display_number    ssd1306.o
    0x08004b0a   0x08004b0a   0x00000012   Code   RO           16    i.display_off       ssd1306.o
    0x08004b1c   0x08004b1c   0x00000012   Code   RO           17    i.display_on        ssd1306.o
    0x08004b2e   0x08004b2e   0x00000018   Code   RO         4546    i.fabs              m_wm.l(fabs.o)
    0x08004b46   0x08004b46   0x00000002   PAD
    0x08004b48   0x08004b48   0x00000108   Code   RO          294    i.font_init         font.o
    0x08004c50   0x08004c50   0x00000018   Code   RO          399    i.fputc             main.o
    0x08004c68   0x08004c68   0x00000050   Code   RO         4496    i.free              mc_w.l(malloc.o)
    0x08004cb8   0x08004cb8   0x00000154   Code   RO          400    i.main              main.o
    0x08004e0c   0x08004e0c   0x0000000c   Code   RO         3837    i.makeFreeRtosPriority  cmsis_os.o
    0x08004e18   0x08004e18   0x0000006c   Code   RO         4497    i.malloc            mc_w.l(malloc.o)
    0x08004e84   0x08004e84   0x0000000e   Code   RO         3839    i.osDelay           cmsis_os.o
    0x08004e92   0x08004e92   0x0000000a   Code   RO         3842    i.osKernelStart     cmsis_os.o
    0x08004e9c   0x08004e9c   0x00000014   Code   RO         3875    i.osSystickHandler  cmsis_os.o
    0x08004eb0   0x08004eb0   0x0000002e   Code   RO         3876    i.osThreadCreate    cmsis_os.o
    0x08004ede   0x08004ede   0x00000002   PAD
    0x08004ee0   0x08004ee0   0x00000048   Code   RO           18    i.over_pixel        ssd1306.o
    0x08004f28   0x08004f28   0x00000070   Code   RO         3548    i.prvAddCurrentTaskToDelayedList  tasks.o
    0x08004f98   0x08004f98   0x000000d0   Code   RO         3549    i.prvAddNewTaskToReadyList  tasks.o
    0x08005068   0x08005068   0x00000050   Code   RO         3550    i.prvCheckTasksWaitingTermination  tasks.o
    0x080050b8   0x080050b8   0x00000014   Code   RO         3551    i.prvDeleteTCB      tasks.o
    0x080050cc   0x080050cc   0x00000048   Code   RO         3147    i.prvHeapInit       heap_4.o
    0x08005114   0x08005114   0x00000028   Code   RO         3552    i.prvIdleTask       tasks.o
    0x0800513c   0x0800513c   0x0000008e   Code   RO         3553    i.prvInitialiseNewTask  tasks.o
    0x080051ca   0x080051ca   0x00000002   PAD
    0x080051cc   0x080051cc   0x0000004c   Code   RO         3148    i.prvInsertBlockIntoFreeList  heap_4.o
    0x08005218   0x08005218   0x00000020   Code   RO         3554    i.prvResetNextTaskUnblockTime  tasks.o
    0x08005238   0x08005238   0x00000028   Code   RO         3209    i.prvTaskExitError  port.o
    0x08005260   0x08005260   0x000000d8   Code   RO         3149    i.pvPortMalloc      heap_4.o
    0x08005338   0x08005338   0x0000002c   Code   RO         3210    i.pxPortInitialiseStack  port.o
    0x08005364   0x08005364   0x0000002c   Code   RO          322    i.reverse_bits_recursive  shift_multi_bits.o
    0x08005390   0x08005390   0x00000196   Code   RO           19    i.scroll_number_all  ssd1306.o
    0x08005526   0x08005526   0x00000002   PAD
    0x08005528   0x08005528   0x000000d6   Code   RO           20    i.scroll_number_only  ssd1306.o
    0x080055fe   0x080055fe   0x00000002   PAD
    0x08005600   0x08005600   0x000000d0   Code   RO           21    i.scroll_number_repare  ssd1306.o
    0x080056d0   0x080056d0   0x0000001c   Code   RO           22    i.select_constract  ssd1306.o
    0x080056ec   0x080056ec   0x00000084   Code   RO           23    i.set_pixel         ssd1306.o
    0x08005770   0x08005770   0x00000050   Code   RO           24    i.set_position      ssd1306.o
    0x080057c0   0x080057c0   0x00000046   Code   RO          324    i.shift_left_around  shift_multi_bits.o
    0x08005806   0x08005806   0x00000026   Code   RO          325    i.shift_left_arround_2d_arr  shift_multi_bits.o
    0x0800582c   0x0800582c   0x0000004e   Code   RO          326    i.shift_left_arround_column_2d_arr  shift_multi_bits.o
    0x0800587a   0x0800587a   0x0000006e   Code   RO         4557    i.sqrt              m_wm.l(sqrt.o)
    0x080058e8   0x080058e8   0x00000120   Code   RO           25    i.ssd1306_init      ssd1306.o
    0x08005a08   0x08005a08   0x00000024   Code   RO         3374    i.uxListRemove      list.o
    0x08005a2c   0x08005a2c   0x00000016   Code   RO         3375    i.vListInitialise   list.o
    0x08005a42   0x08005a42   0x00000006   Code   RO         3376    i.vListInitialiseItem  list.o
    0x08005a48   0x08005a48   0x00000030   Code   RO         3377    i.vListInsert       list.o
    0x08005a78   0x08005a78   0x00000018   Code   RO         3378    i.vListInsertEnd    list.o
    0x08005a90   0x08005a90   0x00000040   Code   RO         3212    i.vPortEnterCritical  port.o
    0x08005ad0   0x08005ad0   0x00000028   Code   RO         3213    i.vPortExitCritical  port.o
    0x08005af8   0x08005af8   0x0000005c   Code   RO         3150    i.vPortFree         heap_4.o
    0x08005b54   0x08005b54   0x00000020   Code   RO         3214    i.vPortSetupTimerInterrupt  port.o
    0x08005b74   0x08005b74   0x0000004c   Code   RO         3562    i.vTaskDelay        tasks.o
    0x08005bc0   0x08005bc0   0x00000068   Code   RO         3573    i.vTaskStartScheduler  tasks.o
    0x08005c28   0x08005c28   0x00000010   Code   RO         3575    i.vTaskSuspendAll   tasks.o
    0x08005c38   0x08005c38   0x0000005c   Code   RO         3576    i.vTaskSwitchContext  tasks.o
    0x08005c94   0x08005c94   0x0000001c   Code   RO           26    i.write_command     ssd1306.o
    0x08005cb0   0x08005cb0   0x0000001c   Code   RO           27    i.write_data        ssd1306.o
    0x08005ccc   0x08005ccc   0x000000e0   Code   RO         3216    i.xPortStartScheduler  port.o
    0x08005dac   0x08005dac   0x0000002c   Code   RO         3217    i.xPortSysTickHandler  port.o
    0x08005dd8   0x08005dd8   0x0000005c   Code   RO         3578    i.xTaskCreate       tasks.o
    0x08005e34   0x08005e34   0x0000001c   Code   RO         3582    i.xTaskGetSchedulerState  tasks.o
    0x08005e50   0x08005e50   0x000000c8   Code   RO         3585    i.xTaskIncrementTick  tasks.o
    0x08005f18   0x08005f18   0x000000c4   Code   RO         3591    i.xTaskResumeAll    tasks.o
    0x08005fdc   0x08005fdc   0x0000001d   Data   RO           30    .constdata          ssd1306.o
    0x08005ff9   0x08005ff9   0x00000b17   Data   RO          295    .constdata          font.o
    0x08006b10   0x08006b10   0x00000014   Data   RO          403    .constdata          main.o
    0x08006b24   0x08006b24   0x00000040   Data   RO         3114    .constdata          system_stm32l4xx.o
    0x08006b64   0x08006b64   0x00000008   Data   RO         3115    .constdata          system_stm32l4xx.o
    0x08006b6c   0x08006b6c   0x00000004   PAD
    0x08006b70   0x08006b70   0x00000088   Data   RO         4213    .constdata          m_wm.l(pow.o)
    0x08006bf8   0x08006bf8   0x00000008   Data   RO         4554    .constdata          m_wm.l(qnan.o)
    0x08006c00   0x08006c00   0x00000015   Data   RO          404    .conststring        main.o
    0x08006c15   0x08006c15   0x00000003   PAD
    0x08006c18   0x08006c18   0x00000020   Data   RO         4624    Region$$Table       anon$$obj.o


    Execution Region RW_IRAM1 (Exec base: 0x20000000, Load base: 0x08006c38, Size: 0x00082d60, Max: 0x000a0000, ABSOLUTE)

    Exec Addr    Load Addr    Size         Type   Attr      Idx    E Section Name        Object

    0x20000000   0x08006c38   0x00000004   Data   RW          296    .data               font.o
    0x20000004   0x08006c3c   0x00000001   Data   RW          405    .data               main.o
    0x20000005   0x08006c3d   0x00000003   PAD
    0x20000008   0x08006c40   0x00000008   Data   RW          406    .data               main.o
    0x20000010   0x08006c48   0x00000002   Data   RW          485    .data               stm32l4xx_it.o
    0x20000012   0x08006c4a   0x00000002   PAD
    0x20000014   0x08006c4c   0x00000004   Data   RW         1671    .data               stm32l4xx_hal.o
    0x20000018   0x08006c50   0x00000004   Data   RW         3116    .data               system_stm32l4xx.o
    0x2000001c   0x08006c54   0x00000018   Data   RW         3155    .data               heap_4.o
    0x20000034   0x08006c6c   0x0000000c   Data   RW         3218    .data               port.o
    0x20000040   0x08006c78   0x0000003c   Data   RW         3594    .data               tasks.o
    0x2000007c   0x08006cb4   0x00000004   Data   RW         4581    .data               mc_w.l(stdout.o)
    0x20000080   0x08006cb8   0x00000004   Data   RW         4588    .data               mc_w.l(mvars.o)
    0x20000084   0x08006cbc   0x00000004   Data   RW         4589    .data               mc_w.l(mvars.o)
    0x20000088   0x08006cc0   0x00000004   Data   RW         4593    .data               mc_w.l(errno.o)
    0x2000008c        -       0x00000040   Zero   RW           28    .bss                ssd1306.o
    0x200000cc        -       0x00000282   Zero   RW           29    .bss                ssd1306.o
    0x2000034e   0x08006cc4   0x00000002   PAD
    0x20000350        -       0x000000d0   Zero   RW          401    .bss                main.o
    0x20000420        -       0x00000100   Zero   RW          402    .bss                main.o
    0x20000520        -       0x00002710   Zero   RW         3154    .bss                heap_4.o
    0x20002c30        -       0x0000012c   Zero   RW         3593    .bss                tasks.o
    0x20002d5c   0x08006cc4   0x00000004   PAD
    0x20002d60        -       0x00040000   Zero   RW            2    HEAP                startup_stm32l4r5xx.o
    0x20042d60        -       0x00040000   Zero   RW            1    STACK               startup_stm32l4r5xx.o


==============================================================================

Image component sizes


      Code (inc. data)   RO Data    RW Data    ZI Data      Debug   Object Name

       102          0          0          0          0      13436   cmsis_os.o
         0          0          0          0          0       8092   event_groups.o
       264        104       2839          4          0       1351   font.o
       456         22          0         24      10000       7431   heap_4.o
       136          0          0          0          0       3626   list.o
      1028        138         41          9        464       5414   main.o
       706         74          0         12          0      11188   port.o
       230          0          0          0          0       3404   shift_multi_bits.o
      1926        178         29          0        706     925534   ssd1306.o
        36          8        444          0     524288        848   startup_stm32l4r5xx.o
        90         18          0          4          0       3595   stm32l4xx_hal.o
       218         14          0          0          0      31133   stm32l4xx_hal_cortex.o
       112          0          0          0          0       1211   stm32l4xx_hal_dma.o
       456         42          0          0          0       2552   stm32l4xx_hal_gpio.o
      1108         24          0          0          0      10391   stm32l4xx_hal_i2c.o
       168          0          0          0          0       1959   stm32l4xx_hal_i2c_ex.o
       296         30          0          0          0       2311   stm32l4xx_hal_msp.o
       240         20          0          0          0       2091   stm32l4xx_hal_pwr_ex.o
      2096        112          0          0          0       8180   stm32l4xx_hal_rcc.o
      1646         52          0          0          0       4260   stm32l4xx_hal_rcc_ex.o
      3822        112          0          0          0      15794   stm32l4xx_hal_uart.o
       262         18          0          0          0       4733   stm32l4xx_hal_uart_ex.o
       248         66          0          2          0       4497   stm32l4xx_it.o
        68         12         72          4          0       1261   system_stm32l4xx.o
      1438        124          0         60        300      16299   tasks.o

    ----------------------------------------------------------------------
     17186       1168       3464        124     535764    1090591   Object Totals
         0          0         32          0          0          0   (incl. Generated)
        34          0          7          5          6          0   (incl. Padding)

    ----------------------------------------------------------------------

      Code (inc. data)   RO Data    RW Data    ZI Data      Debug   Library Member Name

       164         44          0          0          0        620   dunder.o
        24          0          0          0          0        124   fabs.o
        48          0          0          0          0        124   fpclassify.o
       248          0          0          0          0        152   poly.o
      3200        296        136          0          0        352   pow.o
         0          0          8          0          0          0   qnan.o
       110          0          0          0          0        148   sqrt.o
        28          0          0          0          0         76   calloc.o
         0          0          0          0          0          0   entry.o
         0          0          0          0          0          0   entry10a.o
         0          0          0          0          0          0   entry11a.o
         8          4          0          0          0          0   entry2.o
         4          0          0          0          0          0   entry5.o
         0          0          0          0          0          0   entry7b.o
         0          0          0          0          0          0   entry8b.o
         8          4          0          0          0          0   entry9a.o
        12          6          0          4          0         68   errno.o
        30          0          0          0          0          0   handlers.o
        36          8          0          0          0         68   init.o
         0          0          0          0          0          0   iusefp.o
        30          0          0          0          0         68   llshl.o
        36          0          0          0          0         68   llsshr.o
        32          0          0          0          0         68   llushr.o
       188         20          0          0          0        160   malloc.o
        36          0          0          0          0         68   memcpya.o
        36          0          0          0          0        108   memseta.o
         0          0          0          8          0          0   mvars.o
      1160         54          0          0          0        352   printf8.o
         0          0          0          4          0          0   stdout.o
       104          0          0          0          0         92   uldiv.o
        48          0          0          0          0         68   cdrcmple.o
       350          0          0          0          0        148   dadd.o
       222          0          0          0          0        100   ddiv.o
       186          0          0          0          0        176   depilogue.o
        50          0          0          0          0         76   dfixui.o
        34          0          0          0          0         76   dflti.o
        26          0          0          0          0         76   dfltui.o
       234          0          0          0          0         96   dmul.o
        46          0          0          0          0         80   dscalb.o
       162          0          0          0          0        100   dsqrt.o

    ----------------------------------------------------------------------
      6910        436        144         16          0       3712   Library Totals
        10          0          0          0          0          0   (incl. Padding)

    ----------------------------------------------------------------------

      Code (inc. data)   RO Data    RW Data    ZI Data      Debug   Library Name

      3794        340        144          0          0       1520   m_wm.l
      1748         96          0         16          0       1196   mc_w.l
      1358          0          0          0          0        996   mf_w.l

    ----------------------------------------------------------------------
      6910        436        144         16          0       3712   Library Totals

    ----------------------------------------------------------------------

==============================================================================


      Code (inc. data)   RO Data    RW Data    ZI Data      Debug   

     24096       1604       3608        140     535764    1079163   Grand Totals
     24096       1604       3608        140     535764    1079163   ELF Image Totals
     24096       1604       3608        140          0          0   ROM Totals

==============================================================================

    Total RO  Size (Code + RO Data)                27704 (  27.05kB)
    Total RW  Size (RW Data + ZI Data)            535904 ( 523.34kB)
    Total ROM Size (Code + RO Data + RW Data)      27844 (  27.19kB)

==============================================================================

